
Allocating common symbols
Common symbol       size              file

uiDauer             0x4               main.o
uiFrequenz          0x4               main.o

Memory Configuration

Name             Origin             Length             Attributes
CODE             0x00000000         0x00010000         xr
DATA             0x00200000         0x00004000         rw
STACK            0x00204000         0x00000000         rw
*default*        0x00000000         0xffffffff

Linker script and memory map

LOAD include/Cstartup.o
LOAD include/Cstartup_SAM7.o
LOAD main.o
LOAD interrupt.o
LOAD c:/arm7/yagarto/bin/../lib/gcc/arm-elf/4.3.2/../../../../arm-elf/lib\libc.a
LOAD c:/arm7/yagarto/bin/../lib/gcc/arm-elf/4.3.2/../../../../arm-elf/lib\libm.a
LOAD c:/arm7/yagarto/bin/../lib/gcc/arm-elf/4.3.2/../../../../arm-elf/lib\libc.a
LOAD c:/arm7/yagarto/bin/../lib/gcc/arm-elf/4.3.2\libgcc.a
START GROUP
LOAD c:/arm7/yagarto/bin/../lib/gcc/arm-elf/4.3.2\libgcc.a
LOAD c:/arm7/yagarto/bin/../lib/gcc/arm-elf/4.3.2/../../../../arm-elf/lib\libg.a
LOAD c:/arm7/yagarto/bin/../lib/gcc/arm-elf/4.3.2/../../../../arm-elf/lib\libc.a
END GROUP
                0x00000000                . = 0x0

.text           0x00000000      0x6c8
 *Cstartup.o(.text)
 .text          0x00000000      0x13c include/Cstartup.o
                0x000000bc                IRQ_Handler_Entry
                0x0000010c                AT91F_Default_FIQ_handler
                0x00000000                _startup
                0x00000110                AT91F_Default_IRQ_handler
                0x00000114                AT91F_Spurious_handler
                0x000000b8                exit
 *(.text)
 .text          0x0000013c      0x140 include/Cstartup_SAM7.o
                0x0000013c                AT91F_LowLevelInit
 .text          0x0000027c      0x224 main.o
                0x000002c8                timer1_isr
                0x00000320                main
                0x0000027c                timer0_isr
 .text          0x000004a0      0x228 interrupt.o
                0x00000534                timer_ir_init
                0x000004a0                pioa_ir_init
 *(.glue_7t)
 .glue_7t       0x000006c8        0x0 include/Cstartup.o
 .glue_7t       0x000006c8        0x0 include/Cstartup_SAM7.o
 .glue_7t       0x000006c8        0x0 main.o
 .glue_7t       0x000006c8        0x0 interrupt.o
 *(.glue_7)
 .glue_7        0x000006c8        0x0 include/Cstartup.o
 .glue_7        0x000006c8        0x0 include/Cstartup_SAM7.o
 .glue_7        0x000006c8        0x0 main.o
 .glue_7        0x000006c8        0x0 interrupt.o

.vfp11_veneer   0x000006c8        0x0
 .vfp11_veneer  0x000006c8        0x0 include/Cstartup.o
 .vfp11_veneer  0x000006c8        0x0 include/Cstartup_SAM7.o
 .vfp11_veneer  0x000006c8        0x0 main.o
 .vfp11_veneer  0x000006c8        0x0 interrupt.o
                0x000006c8                . = ALIGN (0x4)

.rodata         0x000006c8      0x2e8
 *(.rodata)
 .rodata        0x000006c8      0x2e8 main.o
                0x000009b0                . = ALIGN (0x4)
                0x000009b0                _etext = .
                0x000009b0                PROVIDE (etext, .)

.data           0x00200000        0x0 load address 0x000009b0
                0x00200000                _data = .
 *(.data)
 .data          0x00200000        0x0 include/Cstartup.o
 .data          0x00200000        0x0 include/Cstartup_SAM7.o
 .data          0x00200000        0x0 main.o
 .data          0x00200000        0x0 interrupt.o
                0x00200000                . = ALIGN (0x4)
                0x00200000                _edata = .
                0x00200000                PROVIDE (edata, .)

.bss            0x00200000        0x8 load address 0x000009b0
                0x00200000                __bss_start = .
                0x00200000                __bss_start__ = .
 *(.bss)
 .bss           0x00200000        0x0 include/Cstartup.o
 .bss           0x00200000        0x0 include/Cstartup_SAM7.o
 .bss           0x00200000        0x0 main.o
 .bss           0x00200000        0x0 interrupt.o
 *(COMMON)
 COMMON         0x00200000        0x8 main.o
                0x00200000                uiDauer
                0x00200004                uiFrequenz
                0x00200008                . = ALIGN (0x4)
                0x00200008                __bss_end__ = .
                0x00200008                __bss_end__ = .
                0x00200008                _end = .
                0x00200008                PROVIDE (end, .)

.int_data       0x00204000        0x0
 *(.internal_ram_top)
 .internal_ram_top
                0x00204000        0x0 include/Cstartup.o

.stab
 *(.stab)

.stabstr
 *(.stabstr)

.stab.excl
 *(.stab.excl)

.stab.exclstr
 *(.stab.exclstr)

.stab.index
 *(.stab.index)

.stab.indexstr
 *(.stab.indexstr)

.comment        0x00000000       0x36
 *(.comment)
 .comment       0x00000000       0x12 include/Cstartup_SAM7.o
 .comment       0x00000012       0x12 main.o
 .comment       0x00000024       0x12 interrupt.o

.debug
 *(.debug)

.line
 *(.line)

.debug_srcinfo
 *(.debug_srcinfo)

.debug_sfnames
 *(.debug_sfnames)

.debug_aranges  0x00000000       0x80
 *(.debug_aranges)
 .debug_aranges
                0x00000000       0x20 include/Cstartup.o
 .debug_aranges
                0x00000020       0x20 include/Cstartup_SAM7.o
 .debug_aranges
                0x00000040       0x20 main.o
 .debug_aranges
                0x00000060       0x20 interrupt.o

.debug_pubnames
                0x00000000       0xb2
 *(.debug_pubnames)
 .debug_pubnames
                0x00000000       0x29 include/Cstartup_SAM7.o
 .debug_pubnames
                0x00000029       0x54 main.o
 .debug_pubnames
                0x0000007d       0x35 interrupt.o

.debug_info     0x00000000      0xff0
 *(.debug_info .gnu.linkonce.wi.*)
 .debug_info    0x00000000       0x61 include/Cstartup.o
 .debug_info    0x00000061      0x41e include/Cstartup_SAM7.o
 .debug_info    0x0000047f      0x45b main.o
 .debug_info    0x000008da      0x716 interrupt.o

.debug_abbrev   0x00000000      0x268
 *(.debug_abbrev)
 .debug_abbrev  0x00000000       0x14 include/Cstartup.o
 .debug_abbrev  0x00000014       0xae include/Cstartup_SAM7.o
 .debug_abbrev  0x000000c2       0xd7 main.o
 .debug_abbrev  0x00000199       0xcf interrupt.o

.debug_line     0x00000000      0x1dd
 *(.debug_line)
 .debug_line    0x00000000       0x92 include/Cstartup.o
 .debug_line    0x00000092       0x68 include/Cstartup_SAM7.o
 .debug_line    0x000000fa       0x6e main.o
 .debug_line    0x00000168       0x75 interrupt.o

.debug_frame    0x00000000       0xf0
 *(.debug_frame)
 .debug_frame   0x00000000       0x30 include/Cstartup_SAM7.o
 .debug_frame   0x00000030       0x70 main.o
 .debug_frame   0x000000a0       0x50 interrupt.o

.debug_str      0x00000000      0x443
 *(.debug_str)
 .debug_str     0x00000000      0x22e include/Cstartup_SAM7.o
 .debug_str     0x0000022e      0x1b4 main.o
                                0x227 (size before relaxing)
 .debug_str     0x000003e2       0x61 interrupt.o
                                0x370 (size before relaxing)

.debug_loc      0x00000000       0xfc
 *(.debug_loc)
 .debug_loc     0x00000000       0x2a include/Cstartup_SAM7.o
 .debug_loc     0x0000002a       0x7e main.o
 .debug_loc     0x000000a8       0x54 interrupt.o

.debug_macinfo
 *(.debug_macinfo)

.debug_weaknames
 *(.debug_weaknames)

.debug_funcnames
 *(.debug_funcnames)

.debug_typenames
 *(.debug_typenames)

.debug_varnames
 *(.debug_varnames)
OUTPUT(main.elf elf32-littlearm)

.reset          0x00000000        0x0
 .reset         0x00000000        0x0 include/Cstartup.o

.ARM.attributes
                0x00000000       0x10
 .ARM.attributes
                0x00000000       0x10 include/Cstartup.o
 .ARM.attributes
                0x00000010       0x10 include/Cstartup_SAM7.o
 .ARM.attributes
                0x00000020       0x10 main.o
 .ARM.attributes
                0x00000030       0x10 interrupt.o

Cross Reference Table

Symbol                                            File
AT91F_Default_FIQ_handler                         include/Cstartup.o
                                                  include/Cstartup_SAM7.o
AT91F_Default_IRQ_handler                         include/Cstartup.o
                                                  include/Cstartup_SAM7.o
AT91F_LowLevelInit                                include/Cstartup_SAM7.o
                                                  include/Cstartup.o
AT91F_Spurious_handler                            include/Cstartup.o
                                                  include/Cstartup_SAM7.o
IRQ_Handler_Entry                                 include/Cstartup.o
Top_Stack                                         include/Cstartup.o
__bss_end__                                       include/Cstartup.o
__bss_start__                                     include/Cstartup.o
_data                                             include/Cstartup.o
_edata                                            include/Cstartup.o
_etext                                            include/Cstartup.o
_startup                                          include/Cstartup.o
exit                                              include/Cstartup.o
main                                              main.o
                                                  include/Cstartup.o
pioa_ir_init                                      interrupt.o
timer0_isr                                        main.o
timer1_isr                                        main.o
timer_ir_init                                     interrupt.o
                                                  main.o
uiDauer                                           main.o
uiFrequenz                                        main.o
