
Memory Configuration

Name             Origin             Length             Attributes
CODE             0x00000000         0x00010000         xr
DATA             0x00200000         0x00004000         rw
STACK            0x00204000         0x00000000         rw
*default*        0x00000000         0xffffffff

Linker script and memory map

LOAD include/Cstartup.o
LOAD include/Cstartup_SAM7.o
LOAD main.o
LOAD include/cToolMod.o
LOAD c:/arm7/yagarto/bin/../lib/gcc/arm-elf/4.3.2/../../../../arm-elf/lib\libc.a
LOAD c:/arm7/yagarto/bin/../lib/gcc/arm-elf/4.3.2/../../../../arm-elf/lib\libm.a
LOAD c:/arm7/yagarto/bin/../lib/gcc/arm-elf/4.3.2/../../../../arm-elf/lib\libc.a
LOAD c:/arm7/yagarto/bin/../lib/gcc/arm-elf/4.3.2\libgcc.a
START GROUP
LOAD c:/arm7/yagarto/bin/../lib/gcc/arm-elf/4.3.2\libgcc.a
LOAD c:/arm7/yagarto/bin/../lib/gcc/arm-elf/4.3.2/../../../../arm-elf/lib\libg.a
LOAD c:/arm7/yagarto/bin/../lib/gcc/arm-elf/4.3.2/../../../../arm-elf/lib\libc.a
END GROUP
                0x00000000                . = 0x0

.text           0x00000000      0x448
 *Cstartup.o(.text)
 .text          0x00000000      0x13c include/Cstartup.o
                0x000000bc                IRQ_Handler_Entry
                0x0000010c                AT91F_Default_FIQ_handler
                0x00000000                _startup
                0x00000110                AT91F_Default_IRQ_handler
                0x00000114                AT91F_Spurious_handler
                0x000000b8                exit
 *(.text)
 .text          0x0000013c      0x140 include/Cstartup_SAM7.o
                0x0000013c                AT91F_LowLevelInit
 .text          0x0000027c       0xe4 main.o
                0x0000027c                main
 .text          0x00000360       0xe8 include/cToolMod.o
                0x000003d4                delay1ms
                0x00000360                delay5ms
 *(.glue_7t)
 .glue_7t       0x00000448        0x0 include/Cstartup.o
 .glue_7t       0x00000448        0x0 include/Cstartup_SAM7.o
 .glue_7t       0x00000448        0x0 main.o
 .glue_7t       0x00000448        0x0 include/cToolMod.o
 *(.glue_7)
 .glue_7        0x00000448        0x0 include/Cstartup.o
 .glue_7        0x00000448        0x0 include/Cstartup_SAM7.o
 .glue_7        0x00000448        0x0 main.o
 .glue_7        0x00000448        0x0 include/cToolMod.o

.vfp11_veneer   0x00000448        0x0
 .vfp11_veneer  0x00000448        0x0 include/Cstartup.o
 .vfp11_veneer  0x00000448        0x0 include/Cstartup_SAM7.o
 .vfp11_veneer  0x00000448        0x0 main.o
 .vfp11_veneer  0x00000448        0x0 include/cToolMod.o
                0x00000448                . = ALIGN (0x4)

.rodata
 *(.rodata)
                0x00000448                . = ALIGN (0x4)
                0x00000448                _etext = .
                0x00000448                PROVIDE (etext, .)

.data           0x00200000        0x0 load address 0x00000448
                0x00200000                _data = .
 *(.data)
 .data          0x00200000        0x0 include/Cstartup.o
 .data          0x00200000        0x0 include/Cstartup_SAM7.o
 .data          0x00200000        0x0 main.o
 .data          0x00200000        0x0 include/cToolMod.o
                0x00200000                . = ALIGN (0x4)
                0x00200000                _edata = .
                0x00200000                PROVIDE (edata, .)

.bss            0x00200000        0x0 load address 0x00000448
                0x00200000                __bss_start = .
                0x00200000                __bss_start__ = .
 *(.bss)
 .bss           0x00200000        0x0 include/Cstartup.o
 .bss           0x00200000        0x0 include/Cstartup_SAM7.o
 .bss           0x00200000        0x0 main.o
 .bss           0x00200000        0x0 include/cToolMod.o
 *(COMMON)
                0x00200000                . = ALIGN (0x4)
                0x00200000                __bss_end__ = .
                0x00200000                __bss_end__ = .
                0x00200000                _end = .
                0x00200000                PROVIDE (end, .)

.int_data       0x00204000        0x0
 *(.internal_ram_top)
 .internal_ram_top
                0x00204000        0x0 include/Cstartup.o

.stab
 *(.stab)

.stabstr
 *(.stabstr)

.stab.excl
 *(.stab.excl)

.stab.exclstr
 *(.stab.exclstr)

.stab.index
 *(.stab.index)

.stab.indexstr
 *(.stab.indexstr)

.comment        0x00000000       0x36
 *(.comment)
 .comment       0x00000000       0x12 include/Cstartup_SAM7.o
 .comment       0x00000012       0x12 main.o
 .comment       0x00000024       0x12 include/cToolMod.o

.debug
 *(.debug)

.line
 *(.line)

.debug_srcinfo
 *(.debug_srcinfo)

.debug_sfnames
 *(.debug_sfnames)

.debug_aranges  0x00000000       0x80
 *(.debug_aranges)
 .debug_aranges
                0x00000000       0x20 include/Cstartup.o
 .debug_aranges
                0x00000020       0x20 include/Cstartup_SAM7.o
 .debug_aranges
                0x00000040       0x20 main.o
 .debug_aranges
                0x00000060       0x20 include/cToolMod.o

.debug_pubnames
                0x00000000       0x70
 *(.debug_pubnames)
 .debug_pubnames
                0x00000000       0x29 include/Cstartup_SAM7.o
 .debug_pubnames
                0x00000029       0x1b main.o
 .debug_pubnames
                0x00000044       0x2c include/cToolMod.o

.debug_info     0x00000000      0x7f1
 *(.debug_info .gnu.linkonce.wi.*)
 .debug_info    0x00000000       0x61 include/Cstartup.o
 .debug_info    0x00000061      0x41e include/Cstartup_SAM7.o
 .debug_info    0x0000047f      0x2d8 main.o
 .debug_info    0x00000757       0x9a include/cToolMod.o

.debug_abbrev   0x00000000      0x1d1
 *(.debug_abbrev)
 .debug_abbrev  0x00000000       0x14 include/Cstartup.o
 .debug_abbrev  0x00000014       0xae include/Cstartup_SAM7.o
 .debug_abbrev  0x000000c2       0x9f main.o
 .debug_abbrev  0x00000161       0x70 include/cToolMod.o

.debug_line     0x00000000      0x1a1
 *(.debug_line)
 .debug_line    0x00000000       0x92 include/Cstartup.o
 .debug_line    0x00000092       0x68 include/Cstartup_SAM7.o
 .debug_line    0x000000fa       0x5a main.o
 .debug_line    0x00000154       0x4d include/cToolMod.o

.debug_frame    0x00000000       0xb0
 *(.debug_frame)
 .debug_frame   0x00000000       0x30 include/Cstartup_SAM7.o
 .debug_frame   0x00000030       0x30 main.o
 .debug_frame   0x00000060       0x50 include/cToolMod.o

.debug_str      0x00000000      0x383
 *(.debug_str)
 .debug_str     0x00000000      0x22e include/Cstartup_SAM7.o
 .debug_str     0x0000022e      0x130 main.o
                                0x1a3 (size before relaxing)
 .debug_str     0x0000035e       0x25 include/cToolMod.o
                                 0x66 (size before relaxing)

.debug_loc      0x00000000       0xa8
 *(.debug_loc)
 .debug_loc     0x00000000       0x2a include/Cstartup_SAM7.o
 .debug_loc     0x0000002a       0x2a main.o
 .debug_loc     0x00000054       0x54 include/cToolMod.o

.debug_macinfo
 *(.debug_macinfo)

.debug_weaknames
 *(.debug_weaknames)

.debug_funcnames
 *(.debug_funcnames)

.debug_typenames
 *(.debug_typenames)

.debug_varnames
 *(.debug_varnames)
OUTPUT(main.elf elf32-littlearm)

.reset          0x00000000        0x0
 .reset         0x00000000        0x0 include/Cstartup.o

.ARM.attributes
                0x00000000       0x10
 .ARM.attributes
                0x00000000       0x10 include/Cstartup.o
 .ARM.attributes
                0x00000010       0x10 include/Cstartup_SAM7.o
 .ARM.attributes
                0x00000020       0x10 main.o
 .ARM.attributes
                0x00000030       0x10 include/cToolMod.o

Cross Reference Table

Symbol                                            File
AT91F_Default_FIQ_handler                         include/Cstartup.o
                                                  include/Cstartup_SAM7.o
AT91F_Default_IRQ_handler                         include/Cstartup.o
                                                  include/Cstartup_SAM7.o
AT91F_LowLevelInit                                include/Cstartup_SAM7.o
                                                  include/Cstartup.o
AT91F_Spurious_handler                            include/Cstartup.o
                                                  include/Cstartup_SAM7.o
IRQ_Handler_Entry                                 include/Cstartup.o
Top_Stack                                         include/Cstartup.o
__bss_end__                                       include/Cstartup.o
__bss_start__                                     include/Cstartup.o
_data                                             include/Cstartup.o
_edata                                            include/Cstartup.o
_etext                                            include/Cstartup.o
_startup                                          include/Cstartup.o
delay1ms                                          include/cToolMod.o
delay5ms                                          include/cToolMod.o
                                                  main.o
exit                                              include/Cstartup.o
main                                              main.o
                                                  include/Cstartup.o
