Archive member included because of file (symbol)

c:/arm7/yagarto/bin/../lib/gcc/arm-elf/4.3.2/../../../../arm-elf/lib\libc.a(lib_a-memcpy.o)
                              display.o (memcpy)

Memory Configuration

Name             Origin             Length             Attributes
CODE             0x00000000         0x00010000         xr
DATA             0x00200000         0x00004000         rw
STACK            0x00204000         0x00000000         rw
*default*        0x00000000         0xffffffff

Linker script and memory map

LOAD include/Cstartup.o
LOAD include/Cstartup_SAM7.o
LOAD main.o
LOAD interrupt.o
LOAD display.o
LOAD c:/arm7/yagarto/bin/../lib/gcc/arm-elf/4.3.2/../../../../arm-elf/lib\libc.a
LOAD c:/arm7/yagarto/bin/../lib/gcc/arm-elf/4.3.2/../../../../arm-elf/lib\libm.a
LOAD c:/arm7/yagarto/bin/../lib/gcc/arm-elf/4.3.2/../../../../arm-elf/lib\libc.a
LOAD c:/arm7/yagarto/bin/../lib/gcc/arm-elf/4.3.2\libgcc.a
START GROUP
LOAD c:/arm7/yagarto/bin/../lib/gcc/arm-elf/4.3.2\libgcc.a
LOAD c:/arm7/yagarto/bin/../lib/gcc/arm-elf/4.3.2/../../../../arm-elf/lib\libg.a
LOAD c:/arm7/yagarto/bin/../lib/gcc/arm-elf/4.3.2/../../../../arm-elf/lib\libc.a
END GROUP
                0x00000000                . = 0x0

.text           0x00000000     0x1550
 *Cstartup.o(.text)
 .text          0x00000000      0x13c include/Cstartup.o
                0x000000bc                IRQ_Handler_Entry
                0x0000010c                AT91F_Default_FIQ_handler
                0x00000000                _startup
                0x00000110                AT91F_Default_IRQ_handler
                0x00000114                AT91F_Spurious_handler
                0x000000b8                exit
 *(.text)
 .text          0x0000013c      0x140 include/Cstartup_SAM7.o
                0x0000013c                AT91F_LowLevelInit
 .text          0x0000027c      0x564 main.o
                0x00000638                timer1_isr
                0x00000564                motor_move
                0x000003b0                get_button_state
                0x000002f0                get_motor_speed
                0x00000688                main
                0x0000027c                delay_ms
                0x00000374                is_button_pressed
                0x00000434                pioa_isr
 .text          0x000007e0      0x228 interrupt.o
                0x00000874                timer_ir_init
                0x000007e0                pioa_ir_init
 .text          0x00000a08      0xa4c display.o
                0x00000a08                delay1us
                0x00000a24                lcd_write
                0x00000dc4                display_printf
                0x00000d1c                display_set_cursor
                0x00000cd4                display_putstr
                0x00000bdc                display_init
                0x00000d70                display_clear
                0x00000ca8                display_putchar
 .text          0x00001454       0xfc c:/arm7/yagarto/bin/../lib/gcc/arm-elf/4.3.2/../../../../arm-elf/lib\libc.a(lib_a-memcpy.o)
                0x00001454                memcpy
 *(.glue_7t)
 .glue_7t       0x00001550        0x0 include/Cstartup.o
 .glue_7t       0x00001550        0x0 include/Cstartup_SAM7.o
 .glue_7t       0x00001550        0x0 main.o
 .glue_7t       0x00001550        0x0 interrupt.o
 .glue_7t       0x00001550        0x0 display.o
 .glue_7t       0x00001550        0x0 c:/arm7/yagarto/bin/../lib/gcc/arm-elf/4.3.2/../../../../arm-elf/lib\libc.a(lib_a-memcpy.o)
 *(.glue_7)
 .glue_7        0x00001550        0x0 include/Cstartup.o
 .glue_7        0x00001550        0x0 include/Cstartup_SAM7.o
 .glue_7        0x00001550        0x0 main.o
 .glue_7        0x00001550        0x0 interrupt.o
 .glue_7        0x00001550        0x0 display.o
 .glue_7        0x00001550        0x0 c:/arm7/yagarto/bin/../lib/gcc/arm-elf/4.3.2/../../../../arm-elf/lib\libc.a(lib_a-memcpy.o)

.vfp11_veneer   0x00001550        0x0
 .vfp11_veneer  0x00001550        0x0 include/Cstartup.o
 .vfp11_veneer  0x00001550        0x0 include/Cstartup_SAM7.o
 .vfp11_veneer  0x00001550        0x0 main.o
 .vfp11_veneer  0x00001550        0x0 interrupt.o
 .vfp11_veneer  0x00001550        0x0 display.o
 .vfp11_veneer  0x00001550        0x0 c:/arm7/yagarto/bin/../lib/gcc/arm-elf/4.3.2/../../../../arm-elf/lib\libc.a(lib_a-memcpy.o)
                0x00001550                . = ALIGN (0x4)

.rodata         0x00001550       0x64
 *(.rodata)
 .rodata        0x00001550       0x3c main.o
                0x00001550                MOTOR_STEPS
 .rodata        0x0000158c       0x28 display.o
                0x000015b4                . = ALIGN (0x4)
                0x000015b4                _etext = .
                0x000015b4                PROVIDE (etext, .)

.data           0x00200000        0x8 load address 0x000015b4
                0x00200000                _data = .
 *(.data)
 .data          0x00200000        0x0 include/Cstartup.o
 .data          0x00200000        0x0 include/Cstartup_SAM7.o
 .data          0x00200000        0x8 main.o
                0x00200000                direction
 .data          0x00200008        0x0 interrupt.o
 .data          0x00200008        0x0 display.o
 .data          0x00200008        0x0 c:/arm7/yagarto/bin/../lib/gcc/arm-elf/4.3.2/../../../../arm-elf/lib\libc.a(lib_a-memcpy.o)
                0x00200008                . = ALIGN (0x4)
                0x00200008                _edata = .
                0x00200008                PROVIDE (edata, .)

.bss            0x00200008        0x8 load address 0x000015bc
                0x00200008                __bss_start = .
                0x00200008                __bss_start__ = .
 *(.bss)
 .bss           0x00200008        0x0 include/Cstartup.o
 .bss           0x00200008        0x0 include/Cstartup_SAM7.o
 .bss           0x00200008        0x8 main.o
 .bss           0x00200010        0x0 interrupt.o
 .bss           0x00200010        0x0 display.o
 .bss           0x00200010        0x0 c:/arm7/yagarto/bin/../lib/gcc/arm-elf/4.3.2/../../../../arm-elf/lib\libc.a(lib_a-memcpy.o)
 *(COMMON)
                0x00200010                . = ALIGN (0x4)
                0x00200010                __bss_end__ = .
                0x00200010                __bss_end__ = .
                0x00200010                _end = .
                0x00200010                PROVIDE (end, .)

.int_data       0x00204000        0x0
 *(.internal_ram_top)
 .internal_ram_top
                0x00204000        0x0 include/Cstartup.o

.stab
 *(.stab)

.stabstr
 *(.stabstr)

.stab.excl
 *(.stab.excl)

.stab.exclstr
 *(.stab.exclstr)

.stab.index
 *(.stab.index)

.stab.indexstr
 *(.stab.indexstr)

.comment        0x00000000       0x5a
 *(.comment)
 .comment       0x00000000       0x12 include/Cstartup_SAM7.o
 .comment       0x00000012       0x12 main.o
 .comment       0x00000024       0x12 interrupt.o
 .comment       0x00000036       0x12 display.o
 .comment       0x00000048       0x12 c:/arm7/yagarto/bin/../lib/gcc/arm-elf/4.3.2/../../../../arm-elf/lib\libc.a(lib_a-memcpy.o)

.debug
 *(.debug)

.line
 *(.line)

.debug_srcinfo
 *(.debug_srcinfo)

.debug_sfnames
 *(.debug_sfnames)

.debug_aranges  0x00000000       0xc0
 *(.debug_aranges)
 .debug_aranges
                0x00000000       0x20 include/Cstartup.o
 .debug_aranges
                0x00000020       0x20 include/Cstartup_SAM7.o
 .debug_aranges
                0x00000040       0x20 main.o
 .debug_aranges
                0x00000060       0x20 interrupt.o
 .debug_aranges
                0x00000080       0x20 display.o
 .debug_aranges
                0x000000a0       0x20 c:/arm7/yagarto/bin/../lib/gcc/arm-elf/4.3.2/../../../../arm-elf/lib\libc.a(lib_a-memcpy.o)

.debug_pubnames
                0x00000000      0x1cc
 *(.debug_pubnames)
 .debug_pubnames
                0x00000000       0x29 include/Cstartup_SAM7.o
 .debug_pubnames
                0x00000029       0xb0 main.o
 .debug_pubnames
                0x000000d9       0x35 interrupt.o
 .debug_pubnames
                0x0000010e       0xa1 display.o
 .debug_pubnames
                0x000001af       0x1d c:/arm7/yagarto/bin/../lib/gcc/arm-elf/4.3.2/../../../../arm-elf/lib\libc.a(lib_a-memcpy.o)

.debug_info     0x00000000     0x1846
 *(.debug_info .gnu.linkonce.wi.*)
 .debug_info    0x00000000       0x61 include/Cstartup.o
 .debug_info    0x00000061      0x41e include/Cstartup_SAM7.o
 .debug_info    0x0000047f      0x70b main.o
 .debug_info    0x00000b8a      0x716 interrupt.o
 .debug_info    0x000012a0      0x498 display.o
 .debug_info    0x00001738      0x10e c:/arm7/yagarto/bin/../lib/gcc/arm-elf/4.3.2/../../../../arm-elf/lib\libc.a(lib_a-memcpy.o)

.debug_abbrev   0x00000000      0x48b
 *(.debug_abbrev)
 .debug_abbrev  0x00000000       0x14 include/Cstartup.o
 .debug_abbrev  0x00000014       0xae include/Cstartup_SAM7.o
 .debug_abbrev  0x000000c2      0x13f main.o
 .debug_abbrev  0x00000201       0xcf interrupt.o
 .debug_abbrev  0x000002d0      0x122 display.o
 .debug_abbrev  0x000003f2       0x99 c:/arm7/yagarto/bin/../lib/gcc/arm-elf/4.3.2/../../../../arm-elf/lib\libc.a(lib_a-memcpy.o)

.debug_line     0x00000000      0x3ea
 *(.debug_line)
 .debug_line    0x00000000       0x92 include/Cstartup.o
 .debug_line    0x00000092       0x68 include/Cstartup_SAM7.o
 .debug_line    0x000000fa       0x9e main.o
 .debug_line    0x00000198       0x75 interrupt.o
 .debug_line    0x0000020d       0xe5 display.o
 .debug_line    0x000002f2       0xf8 c:/arm7/yagarto/bin/../lib/gcc/arm-elf/4.3.2/../../../../arm-elf/lib\libc.a(lib_a-memcpy.o)

.debug_frame    0x00000000      0x2c4
 *(.debug_frame)
 .debug_frame   0x00000000       0x30 include/Cstartup_SAM7.o
 .debug_frame   0x00000030      0x110 main.o
 .debug_frame   0x00000140       0x50 interrupt.o
 .debug_frame   0x00000190      0x108 display.o
 .debug_frame   0x00000298       0x2c c:/arm7/yagarto/bin/../lib/gcc/arm-elf/4.3.2/../../../../arm-elf/lib\libc.a(lib_a-memcpy.o)

.debug_str      0x00000000      0x65e
 *(.debug_str)
 .debug_str     0x00000000      0x221 include/Cstartup_SAM7.o
                                0x22e (size before relaxing)
 .debug_str     0x00000221      0x25c main.o
                                0x37e (size before relaxing)
 .debug_str     0x0000047d       0x61 interrupt.o
                                0x370 (size before relaxing)
 .debug_str     0x000004de       0xb6 display.o
                                0x262 (size before relaxing)
 .debug_str     0x00000594       0xca c:/arm7/yagarto/bin/../lib/gcc/arm-elf/4.3.2/../../../../arm-elf/lib\libc.a(lib_a-memcpy.o)
                                 0xdb (size before relaxing)

.debug_loc      0x00000000      0x424
 *(.debug_loc)
 .debug_loc     0x00000000       0x2a include/Cstartup_SAM7.o
 .debug_loc     0x0000002a      0x150 main.o
 .debug_loc     0x0000017a       0x54 interrupt.o
 .debug_loc     0x000001ce      0x126 display.o
 .debug_loc     0x000002f4      0x130 c:/arm7/yagarto/bin/../lib/gcc/arm-elf/4.3.2/../../../../arm-elf/lib\libc.a(lib_a-memcpy.o)

.debug_macinfo
 *(.debug_macinfo)

.debug_weaknames
 *(.debug_weaknames)

.debug_funcnames
 *(.debug_funcnames)

.debug_typenames
 *(.debug_typenames)

.debug_varnames
 *(.debug_varnames)
OUTPUT(main.elf elf32-littlearm)

.reset          0x00000000        0x0
 .reset         0x00000000        0x0 include/Cstartup.o

.ARM.attributes
                0x00000000       0x10
 .ARM.attributes
                0x00000000       0x10 include/Cstartup.o
 .ARM.attributes
                0x00000010       0x10 include/Cstartup_SAM7.o
 .ARM.attributes
                0x00000020       0x10 main.o
 .ARM.attributes
                0x00000030       0x10 interrupt.o
 .ARM.attributes
                0x00000040       0x10 display.o
 .ARM.attributes
                0x00000050       0x10 c:/arm7/yagarto/bin/../lib/gcc/arm-elf/4.3.2/../../../../arm-elf/lib\libc.a(lib_a-memcpy.o)

Cross Reference Table

Symbol                                            File
AT91F_Default_FIQ_handler                         include/Cstartup.o
                                                  include/Cstartup_SAM7.o
AT91F_Default_IRQ_handler                         include/Cstartup.o
                                                  include/Cstartup_SAM7.o
AT91F_LowLevelInit                                include/Cstartup_SAM7.o
                                                  include/Cstartup.o
AT91F_Spurious_handler                            include/Cstartup.o
                                                  include/Cstartup_SAM7.o
IRQ_Handler_Entry                                 include/Cstartup.o
MOTOR_STEPS                                       main.o
Top_Stack                                         include/Cstartup.o
__bss_end__                                       include/Cstartup.o
__bss_start__                                     include/Cstartup.o
_data                                             include/Cstartup.o
_edata                                            include/Cstartup.o
_etext                                            include/Cstartup.o
_startup                                          include/Cstartup.o
delay1us                                          display.o
delay_ms                                          main.o
direction                                         main.o
display_clear                                     display.o
                                                  main.o
display_init                                      display.o
                                                  main.o
display_printf                                    display.o
                                                  main.o
display_putchar                                   display.o
display_putstr                                    display.o
                                                  main.o
display_set_cursor                                display.o
                                                  main.o
exit                                              include/Cstartup.o
get_button_state                                  main.o
get_motor_speed                                   main.o
is_button_pressed                                 main.o
lcd_write                                         display.o
main                                              main.o
                                                  include/Cstartup.o
memcpy                                            c:/arm7/yagarto/bin/../lib/gcc/arm-elf/4.3.2/../../../../arm-elf/lib\libc.a(lib_a-memcpy.o)
                                                  display.o
motor_move                                        main.o
pioa_ir_init                                      interrupt.o
                                                  main.o
pioa_isr                                          main.o
timer1_isr                                        main.o
timer_ir_init                                     interrupt.o
                                                  main.o
