
Memory Configuration

Name             Origin             Length             Attributes
CODE             0x00000000         0x00010000         xr
DATA             0x00200000         0x00004000         rw
STACK            0x00204000         0x00000000         rw
*default*        0x00000000         0xffffffff

Linker script and memory map

LOAD include/Cstartup.o
LOAD include/Cstartup_SAM7.o
LOAD main.o
LOAD c:/arm7/yagarto/bin/../lib/gcc/arm-elf/4.3.2/../../../../arm-elf/lib\libc.a
LOAD c:/arm7/yagarto/bin/../lib/gcc/arm-elf/4.3.2/../../../../arm-elf/lib\libm.a
LOAD c:/arm7/yagarto/bin/../lib/gcc/arm-elf/4.3.2/../../../../arm-elf/lib\libc.a
LOAD c:/arm7/yagarto/bin/../lib/gcc/arm-elf/4.3.2\libgcc.a
START GROUP
LOAD c:/arm7/yagarto/bin/../lib/gcc/arm-elf/4.3.2\libgcc.a
LOAD c:/arm7/yagarto/bin/../lib/gcc/arm-elf/4.3.2/../../../../arm-elf/lib\libg.a
LOAD c:/arm7/yagarto/bin/../lib/gcc/arm-elf/4.3.2/../../../../arm-elf/lib\libc.a
END GROUP
                0x00000000                . = 0x0

.text           0x00000000      0x72c
 *Cstartup.o(.text)
 .text          0x00000000      0x13c include/Cstartup.o
                0x000000bc                IRQ_Handler_Entry
                0x0000010c                AT91F_Default_FIQ_handler
                0x00000000                _startup
                0x00000110                AT91F_Default_IRQ_handler
                0x00000114                AT91F_Spurious_handler
                0x000000b8                exit
 *(.text)
 .text          0x0000013c      0x140 include/Cstartup_SAM7.o
                0x0000013c                AT91F_LowLevelInit
 .text          0x0000027c      0x4b0 main.o
                0x00000404                led_on_direct
                0x00000364                enable_led
                0x000003d0                led_off_pointer
                0x000004e4                blink_led
                0x000004a4                led_on
                0x00000454                led_on_base
                0x0000059c                blink_leds
                0x0000047c                led_off_base
                0x000005dc                main
                0x000002f0                delay_ms
                0x000004c4                led_off
                0x0000042c                led_off_direct
                0x00000524                get_bitfield_for_leds
                0x0000027c                delay5ms
                0x0000039c                led_on_pointer
 *(.glue_7t)
 .glue_7t       0x0000072c        0x0 include/Cstartup.o
 .glue_7t       0x0000072c        0x0 include/Cstartup_SAM7.o
 .glue_7t       0x0000072c        0x0 main.o
 *(.glue_7)
 .glue_7        0x0000072c        0x0 include/Cstartup.o
 .glue_7        0x0000072c        0x0 include/Cstartup_SAM7.o
 .glue_7        0x0000072c        0x0 main.o

.vfp11_veneer   0x0000072c        0x0
 .vfp11_veneer  0x0000072c        0x0 include/Cstartup.o
 .vfp11_veneer  0x0000072c        0x0 include/Cstartup_SAM7.o
 .vfp11_veneer  0x0000072c        0x0 main.o
                0x0000072c                . = ALIGN (0x4)

.rodata         0x0000072c       0x14
 *(.rodata)
 .rodata        0x0000072c       0x14 main.o
                0x00000740                . = ALIGN (0x4)
                0x00000740                _etext = .
                0x00000740                PROVIDE (etext, .)

.data           0x00200000       0x14 load address 0x00000740
                0x00200000                _data = .
 *(.data)
 .data          0x00200000        0x0 include/Cstartup.o
 .data          0x00200000        0x0 include/Cstartup_SAM7.o
 .data          0x00200000       0x14 main.o
                0x00200000                all_leds
                0x00200014                . = ALIGN (0x4)
                0x00200014                _edata = .
                0x00200014                PROVIDE (edata, .)

.bss            0x00200014        0x0 load address 0x00000754
                0x00200014                __bss_start = .
                0x00200014                __bss_start__ = .
 *(.bss)
 .bss           0x00200014        0x0 include/Cstartup.o
 .bss           0x00200014        0x0 include/Cstartup_SAM7.o
 .bss           0x00200014        0x0 main.o
 *(COMMON)
                0x00200014                . = ALIGN (0x4)
                0x00200014                __bss_end__ = .
                0x00200014                __bss_end__ = .
                0x00200014                _end = .
                0x00200014                PROVIDE (end, .)

.int_data       0x00204000        0x0
 *(.internal_ram_top)
 .internal_ram_top
                0x00204000        0x0 include/Cstartup.o

.stab
 *(.stab)

.stabstr
 *(.stabstr)

.stab.excl
 *(.stab.excl)

.stab.exclstr
 *(.stab.exclstr)

.stab.index
 *(.stab.index)

.stab.indexstr
 *(.stab.indexstr)

.comment        0x00000000       0x24
 *(.comment)
 .comment       0x00000000       0x12 include/Cstartup_SAM7.o
 .comment       0x00000012       0x12 main.o

.debug
 *(.debug)

.line
 *(.line)

.debug_srcinfo
 *(.debug_srcinfo)

.debug_sfnames
 *(.debug_sfnames)

.debug_aranges  0x00000000       0x60
 *(.debug_aranges)
 .debug_aranges
                0x00000000       0x20 include/Cstartup.o
 .debug_aranges
                0x00000020       0x20 include/Cstartup_SAM7.o
 .debug_aranges
                0x00000040       0x20 main.o

.debug_pubnames
                0x00000000      0x135
 *(.debug_pubnames)
 .debug_pubnames
                0x00000000       0x29 include/Cstartup_SAM7.o
 .debug_pubnames
                0x00000029      0x10c main.o

.debug_info     0x00000000      0xa9a
 *(.debug_info .gnu.linkonce.wi.*)
 .debug_info    0x00000000       0x61 include/Cstartup.o
 .debug_info    0x00000061      0x41e include/Cstartup_SAM7.o
 .debug_info    0x0000047f      0x61b main.o

.debug_abbrev   0x00000000      0x1df
 *(.debug_abbrev)
 .debug_abbrev  0x00000000       0x14 include/Cstartup.o
 .debug_abbrev  0x00000014       0xae include/Cstartup_SAM7.o
 .debug_abbrev  0x000000c2      0x11d main.o

.debug_line     0x00000000      0x194
 *(.debug_line)
 .debug_line    0x00000000       0x92 include/Cstartup.o
 .debug_line    0x00000092       0x68 include/Cstartup_SAM7.o
 .debug_line    0x000000fa       0x9a main.o

.debug_frame    0x00000000      0x220
 *(.debug_frame)
 .debug_frame   0x00000000       0x30 include/Cstartup_SAM7.o
 .debug_frame   0x00000030      0x1f0 main.o

.debug_str      0x00000000      0x44e
 *(.debug_str)
 .debug_str     0x00000000      0x22e include/Cstartup_SAM7.o
 .debug_str     0x0000022e      0x220 main.o
                                0x2a2 (size before relaxing)

.debug_loc      0x00000000      0x2a0
 *(.debug_loc)
 .debug_loc     0x00000000       0x2a include/Cstartup_SAM7.o
 .debug_loc     0x0000002a      0x276 main.o

.debug_macinfo
 *(.debug_macinfo)

.debug_weaknames
 *(.debug_weaknames)

.debug_funcnames
 *(.debug_funcnames)

.debug_typenames
 *(.debug_typenames)

.debug_varnames
 *(.debug_varnames)
OUTPUT(main.elf elf32-littlearm)

.reset          0x00000000        0x0
 .reset         0x00000000        0x0 include/Cstartup.o

.ARM.attributes
                0x00000000       0x10
 .ARM.attributes
                0x00000000       0x10 include/Cstartup.o
 .ARM.attributes
                0x00000010       0x10 include/Cstartup_SAM7.o
 .ARM.attributes
                0x00000020       0x10 main.o

Cross Reference Table

Symbol                                            File
AT91F_Default_FIQ_handler                         include/Cstartup.o
                                                  include/Cstartup_SAM7.o
AT91F_Default_IRQ_handler                         include/Cstartup.o
                                                  include/Cstartup_SAM7.o
AT91F_LowLevelInit                                include/Cstartup_SAM7.o
                                                  include/Cstartup.o
AT91F_Spurious_handler                            include/Cstartup.o
                                                  include/Cstartup_SAM7.o
IRQ_Handler_Entry                                 include/Cstartup.o
Top_Stack                                         include/Cstartup.o
__bss_end__                                       include/Cstartup.o
__bss_start__                                     include/Cstartup.o
_data                                             include/Cstartup.o
_edata                                            include/Cstartup.o
_etext                                            include/Cstartup.o
_startup                                          include/Cstartup.o
all_leds                                          main.o
blink_led                                         main.o
blink_leds                                        main.o
delay5ms                                          main.o
delay_ms                                          main.o
enable_led                                        main.o
exit                                              include/Cstartup.o
get_bitfield_for_leds                             main.o
led_off                                           main.o
led_off_base                                      main.o
led_off_direct                                    main.o
led_off_pointer                                   main.o
led_on                                            main.o
led_on_base                                       main.o
led_on_direct                                     main.o
led_on_pointer                                    main.o
main                                              main.o
                                                  include/Cstartup.o
