Archive member included because of file (symbol)

c:/arm7/yagarto/bin/../lib/gcc/arm-elf/4.3.2/../../../../arm-elf/lib\libc.a(lib_a-memcpy.o)
                              display.o (memcpy)

Memory Configuration

Name             Origin             Length             Attributes
CODE             0x00000000         0x00010000         xr
DATA             0x00200000         0x00004000         rw
STACK            0x00204000         0x00000000         rw
*default*        0x00000000         0xffffffff

Linker script and memory map

LOAD include/Cstartup.o
LOAD include/Cstartup_SAM7.o
LOAD main.o
LOAD serial.o
LOAD display.o
LOAD interrupt.o
LOAD c:/arm7/yagarto/bin/../lib/gcc/arm-elf/4.3.2/../../../../arm-elf/lib\libc.a
LOAD c:/arm7/yagarto/bin/../lib/gcc/arm-elf/4.3.2/../../../../arm-elf/lib\libm.a
LOAD c:/arm7/yagarto/bin/../lib/gcc/arm-elf/4.3.2/../../../../arm-elf/lib\libc.a
LOAD c:/arm7/yagarto/bin/../lib/gcc/arm-elf/4.3.2\libgcc.a
START GROUP
LOAD c:/arm7/yagarto/bin/../lib/gcc/arm-elf/4.3.2\libgcc.a
LOAD c:/arm7/yagarto/bin/../lib/gcc/arm-elf/4.3.2/../../../../arm-elf/lib\libg.a
LOAD c:/arm7/yagarto/bin/../lib/gcc/arm-elf/4.3.2/../../../../arm-elf/lib\libc.a
END GROUP
                0x00000000                . = 0x0

.text           0x00000000     0x13e8
 *Cstartup.o(.text)
 .text          0x00000000      0x13c include/Cstartup.o
                0x000000bc                IRQ_Handler_Entry
                0x0000010c                AT91F_Default_FIQ_handler
                0x00000000                _startup
                0x00000110                AT91F_Default_IRQ_handler
                0x00000114                AT91F_Spurious_handler
                0x000000b8                exit
 *(.text)
 .text          0x0000013c      0x140 include/Cstartup_SAM7.o
                0x0000013c                AT91F_LowLevelInit
 .text          0x0000027c      0x220 main.o
                0x0000032c                get_button_state
                0x00000434                main
                0x0000027c                delay_ms
                0x000002f0                is_button_pressed
                0x000003b0                pioa_isr
 .text          0x0000049c      0x1dc serial.o
                0x0000055c                usart0_putchar
                0x000005ec                usart0_kbhit
                0x00000598                usart0_puts
                0x00000510                usart0_putc
                0x0000049c                usart0_init
                0x0000063c                usart0_getc
 .text          0x00000678      0xa4c display.o
                0x00000678                delay1us
                0x00000694                lcd_write
                0x00000a34                display_printf
                0x000009e0                display_set_cursor
                0x00000998                display_putstr
                0x0000084c                display_init
                0x00000918                display_clear
                0x0000096c                display_putchar
 .text          0x000010c4      0x228 interrupt.o
                0x00001158                timer_ir_init
                0x000010c4                pioa_ir_init
 .text          0x000012ec       0xfc c:/arm7/yagarto/bin/../lib/gcc/arm-elf/4.3.2/../../../../arm-elf/lib\libc.a(lib_a-memcpy.o)
                0x000012ec                memcpy
 *(.glue_7t)
 .glue_7t       0x000013e8        0x0 include/Cstartup.o
 .glue_7t       0x000013e8        0x0 include/Cstartup_SAM7.o
 .glue_7t       0x000013e8        0x0 main.o
 .glue_7t       0x000013e8        0x0 serial.o
 .glue_7t       0x000013e8        0x0 display.o
 .glue_7t       0x000013e8        0x0 interrupt.o
 .glue_7t       0x000013e8        0x0 c:/arm7/yagarto/bin/../lib/gcc/arm-elf/4.3.2/../../../../arm-elf/lib\libc.a(lib_a-memcpy.o)
 *(.glue_7)
 .glue_7        0x000013e8        0x0 include/Cstartup.o
 .glue_7        0x000013e8        0x0 include/Cstartup_SAM7.o
 .glue_7        0x000013e8        0x0 main.o
 .glue_7        0x000013e8        0x0 serial.o
 .glue_7        0x000013e8        0x0 display.o
 .glue_7        0x000013e8        0x0 interrupt.o
 .glue_7        0x000013e8        0x0 c:/arm7/yagarto/bin/../lib/gcc/arm-elf/4.3.2/../../../../arm-elf/lib\libc.a(lib_a-memcpy.o)

.vfp11_veneer   0x000013e8        0x0
 .vfp11_veneer  0x000013e8        0x0 include/Cstartup.o
 .vfp11_veneer  0x000013e8        0x0 include/Cstartup_SAM7.o
 .vfp11_veneer  0x000013e8        0x0 main.o
 .vfp11_veneer  0x000013e8        0x0 serial.o
 .vfp11_veneer  0x000013e8        0x0 display.o
 .vfp11_veneer  0x000013e8        0x0 interrupt.o
 .vfp11_veneer  0x000013e8        0x0 c:/arm7/yagarto/bin/../lib/gcc/arm-elf/4.3.2/../../../../arm-elf/lib\libc.a(lib_a-memcpy.o)
                0x000013e8                . = ALIGN (0x4)

.rodata         0x000013e8       0x64
 *(.rodata)
 .rodata        0x000013e8       0x3c main.o
 .rodata        0x00001424       0x28 display.o
                0x0000144c                . = ALIGN (0x4)
                0x0000144c                _etext = .
                0x0000144c                PROVIDE (etext, .)

.data           0x00200000        0x4 load address 0x0000144c
                0x00200000                _data = .
 *(.data)
 .data          0x00200000        0x0 include/Cstartup.o
 .data          0x00200000        0x0 include/Cstartup_SAM7.o
 .data          0x00200000        0x0 main.o
 .data          0x00200000        0x4 serial.o
                0x00200000                pUSART
 .data          0x00200004        0x0 display.o
 .data          0x00200004        0x0 interrupt.o
 .data          0x00200004        0x0 c:/arm7/yagarto/bin/../lib/gcc/arm-elf/4.3.2/../../../../arm-elf/lib\libc.a(lib_a-memcpy.o)
                0x00200004                . = ALIGN (0x4)
                0x00200004                _edata = .
                0x00200004                PROVIDE (edata, .)

.bss            0x00200004        0x0 load address 0x00001450
                0x00200004                __bss_start = .
                0x00200004                __bss_start__ = .
 *(.bss)
 .bss           0x00200004        0x0 include/Cstartup.o
 .bss           0x00200004        0x0 include/Cstartup_SAM7.o
 .bss           0x00200004        0x0 main.o
 .bss           0x00200004        0x0 serial.o
 .bss           0x00200004        0x0 display.o
 .bss           0x00200004        0x0 interrupt.o
 .bss           0x00200004        0x0 c:/arm7/yagarto/bin/../lib/gcc/arm-elf/4.3.2/../../../../arm-elf/lib\libc.a(lib_a-memcpy.o)
 *(COMMON)
                0x00200004                . = ALIGN (0x4)
                0x00200004                __bss_end__ = .
                0x00200004                __bss_end__ = .
                0x00200004                _end = .
                0x00200004                PROVIDE (end, .)

.int_data       0x00204000        0x0
 *(.internal_ram_top)
 .internal_ram_top
                0x00204000        0x0 include/Cstartup.o

.stab
 *(.stab)

.stabstr
 *(.stabstr)

.stab.excl
 *(.stab.excl)

.stab.exclstr
 *(.stab.exclstr)

.stab.index
 *(.stab.index)

.stab.indexstr
 *(.stab.indexstr)

.comment        0x00000000       0x6c
 *(.comment)
 .comment       0x00000000       0x12 include/Cstartup_SAM7.o
 .comment       0x00000012       0x12 main.o
 .comment       0x00000024       0x12 serial.o
 .comment       0x00000036       0x12 display.o
 .comment       0x00000048       0x12 interrupt.o
 .comment       0x0000005a       0x12 c:/arm7/yagarto/bin/../lib/gcc/arm-elf/4.3.2/../../../../arm-elf/lib\libc.a(lib_a-memcpy.o)

.debug
 *(.debug)

.line
 *(.line)

.debug_srcinfo
 *(.debug_srcinfo)

.debug_sfnames
 *(.debug_sfnames)

.debug_aranges  0x00000000       0xe0
 *(.debug_aranges)
 .debug_aranges
                0x00000000       0x20 include/Cstartup.o
 .debug_aranges
                0x00000020       0x20 include/Cstartup_SAM7.o
 .debug_aranges
                0x00000040       0x20 main.o
 .debug_aranges
                0x00000060       0x20 serial.o
 .debug_aranges
                0x00000080       0x20 display.o
 .debug_aranges
                0x000000a0       0x20 interrupt.o
 .debug_aranges
                0x000000c0       0x20 c:/arm7/yagarto/bin/../lib/gcc/arm-elf/4.3.2/../../../../arm-elf/lib\libc.a(lib_a-memcpy.o)

.debug_pubnames
                0x00000000      0x1fd
 *(.debug_pubnames)
 .debug_pubnames
                0x00000000       0x29 include/Cstartup_SAM7.o
 .debug_pubnames
                0x00000029       0x60 main.o
 .debug_pubnames
                0x00000089       0x81 serial.o
 .debug_pubnames
                0x0000010a       0xa1 display.o
 .debug_pubnames
                0x000001ab       0x35 interrupt.o
 .debug_pubnames
                0x000001e0       0x1d c:/arm7/yagarto/bin/../lib/gcc/arm-elf/4.3.2/../../../../arm-elf/lib\libc.a(lib_a-memcpy.o)

.debug_info     0x00000000     0x1ab8
 *(.debug_info .gnu.linkonce.wi.*)
 .debug_info    0x00000000       0x62 include/Cstartup.o
 .debug_info    0x00000062      0x41e include/Cstartup_SAM7.o
 .debug_info    0x00000480      0x4f3 main.o
 .debug_info    0x00000973      0x489 serial.o
 .debug_info    0x00000dfc      0x498 display.o
 .debug_info    0x00001294      0x716 interrupt.o
 .debug_info    0x000019aa      0x10e c:/arm7/yagarto/bin/../lib/gcc/arm-elf/4.3.2/../../../../arm-elf/lib\libc.a(lib_a-memcpy.o)

.debug_abbrev   0x00000000      0x544
 *(.debug_abbrev)
 .debug_abbrev  0x00000000       0x14 include/Cstartup.o
 .debug_abbrev  0x00000014       0xae include/Cstartup_SAM7.o
 .debug_abbrev  0x000000c2      0x104 main.o
 .debug_abbrev  0x000001c6       0xf4 serial.o
 .debug_abbrev  0x000002ba      0x122 display.o
 .debug_abbrev  0x000003dc       0xcf interrupt.o
 .debug_abbrev  0x000004ab       0x99 c:/arm7/yagarto/bin/../lib/gcc/arm-elf/4.3.2/../../../../arm-elf/lib\libc.a(lib_a-memcpy.o)

.debug_line     0x00000000      0x42b
 *(.debug_line)
 .debug_line    0x00000000       0x92 include/Cstartup.o
 .debug_line    0x00000092       0x68 include/Cstartup_SAM7.o
 .debug_line    0x000000fa       0x71 main.o
 .debug_line    0x0000016b       0x6e serial.o
 .debug_line    0x000001d9       0xe5 display.o
 .debug_line    0x000002be       0x75 interrupt.o
 .debug_line    0x00000333       0xf8 c:/arm7/yagarto/bin/../lib/gcc/arm-elf/4.3.2/../../../../arm-elf/lib\libc.a(lib_a-memcpy.o)

.debug_frame    0x00000000      0x334
 *(.debug_frame)
 .debug_frame   0x00000000       0x30 include/Cstartup_SAM7.o
 .debug_frame   0x00000030       0xb0 main.o
 .debug_frame   0x000000e0       0xd0 serial.o
 .debug_frame   0x000001b0      0x108 display.o
 .debug_frame   0x000002b8       0x50 interrupt.o
 .debug_frame   0x00000308       0x2c c:/arm7/yagarto/bin/../lib/gcc/arm-elf/4.3.2/../../../../arm-elf/lib\libc.a(lib_a-memcpy.o)

.debug_str      0x00000000      0x6dc
 *(.debug_str)
 .debug_str     0x00000000      0x222 include/Cstartup_SAM7.o
                                0x22f (size before relaxing)
 .debug_str     0x00000222      0x176 main.o
                                0x283 (size before relaxing)
 .debug_str     0x00000398      0x118 serial.o
                                0x229 (size before relaxing)
 .debug_str     0x000004b0       0xb6 display.o
                                0x263 (size before relaxing)
 .debug_str     0x00000566       0xac interrupt.o
                                0x371 (size before relaxing)
 .debug_str     0x00000612       0xca c:/arm7/yagarto/bin/../lib/gcc/arm-elf/4.3.2/../../../../arm-elf/lib\libc.a(lib_a-memcpy.o)
                                 0xdb (size before relaxing)

.debug_loc      0x00000000      0x4a2
 *(.debug_loc)
 .debug_loc     0x00000000       0x2a include/Cstartup_SAM7.o
 .debug_loc     0x0000002a       0xd2 main.o
 .debug_loc     0x000000fc       0xfc serial.o
 .debug_loc     0x000001f8      0x126 display.o
 .debug_loc     0x0000031e       0x54 interrupt.o
 .debug_loc     0x00000372      0x130 c:/arm7/yagarto/bin/../lib/gcc/arm-elf/4.3.2/../../../../arm-elf/lib\libc.a(lib_a-memcpy.o)

.debug_macinfo
 *(.debug_macinfo)

.debug_weaknames
 *(.debug_weaknames)

.debug_funcnames
 *(.debug_funcnames)

.debug_typenames
 *(.debug_typenames)

.debug_varnames
 *(.debug_varnames)
OUTPUT(main.elf elf32-littlearm)

.reset          0x00000000        0x0
 .reset         0x00000000        0x0 include/Cstartup.o

.ARM.attributes
                0x00000000       0x10
 .ARM.attributes
                0x00000000       0x10 include/Cstartup.o
 .ARM.attributes
                0x00000010       0x10 include/Cstartup_SAM7.o
 .ARM.attributes
                0x00000020       0x10 main.o
 .ARM.attributes
                0x00000030       0x10 serial.o
 .ARM.attributes
                0x00000040       0x10 display.o
 .ARM.attributes
                0x00000050       0x10 interrupt.o
 .ARM.attributes
                0x00000060       0x10 c:/arm7/yagarto/bin/../lib/gcc/arm-elf/4.3.2/../../../../arm-elf/lib\libc.a(lib_a-memcpy.o)

Cross Reference Table

Symbol                                            File
AT91F_Default_FIQ_handler                         include/Cstartup.o
                                                  include/Cstartup_SAM7.o
AT91F_Default_IRQ_handler                         include/Cstartup.o
                                                  include/Cstartup_SAM7.o
AT91F_LowLevelInit                                include/Cstartup_SAM7.o
                                                  include/Cstartup.o
AT91F_Spurious_handler                            include/Cstartup.o
                                                  include/Cstartup_SAM7.o
IRQ_Handler_Entry                                 include/Cstartup.o
Top_Stack                                         include/Cstartup.o
__bss_end__                                       include/Cstartup.o
__bss_start__                                     include/Cstartup.o
_data                                             include/Cstartup.o
_edata                                            include/Cstartup.o
_etext                                            include/Cstartup.o
_startup                                          include/Cstartup.o
delay1us                                          display.o
delay_ms                                          main.o
display_clear                                     display.o
display_init                                      display.o
                                                  main.o
display_printf                                    display.o
display_putchar                                   display.o
display_putstr                                    display.o
display_set_cursor                                display.o
exit                                              include/Cstartup.o
get_button_state                                  main.o
is_button_pressed                                 main.o
lcd_write                                         display.o
main                                              main.o
                                                  include/Cstartup.o
memcpy                                            c:/arm7/yagarto/bin/../lib/gcc/arm-elf/4.3.2/../../../../arm-elf/lib\libc.a(lib_a-memcpy.o)
                                                  display.o
pUSART                                            serial.o
pioa_ir_init                                      interrupt.o
                                                  main.o
pioa_isr                                          main.o
timer_ir_init                                     interrupt.o
usart0_getc                                       serial.o
usart0_init                                       serial.o
                                                  main.o
usart0_kbhit                                      serial.o
usart0_putc                                       serial.o
usart0_putchar                                    serial.o
usart0_puts                                       serial.o
                                                  main.o
