
Memory Configuration

Name             Origin             Length             Attributes
CODE             0x00000000         0x00010000         xr
DATA             0x00200000         0x00004000         rw
STACK            0x00204000         0x00000000         rw
*default*        0x00000000         0xffffffff

Linker script and memory map

LOAD include/Cstartup.o
LOAD include/Cstartup_SAM7.o
LOAD main.o
LOAD interrupt.o
LOAD cToolMod.o
LOAD c:/arm7/yagarto/bin/../lib/gcc/arm-elf/4.3.2/../../../../arm-elf/lib\libc.a
LOAD c:/arm7/yagarto/bin/../lib/gcc/arm-elf/4.3.2/../../../../arm-elf/lib\libm.a
LOAD c:/arm7/yagarto/bin/../lib/gcc/arm-elf/4.3.2/../../../../arm-elf/lib\libc.a
LOAD c:/arm7/yagarto/bin/../lib/gcc/arm-elf/4.3.2\libgcc.a
START GROUP
LOAD c:/arm7/yagarto/bin/../lib/gcc/arm-elf/4.3.2\libgcc.a
LOAD c:/arm7/yagarto/bin/../lib/gcc/arm-elf/4.3.2/../../../../arm-elf/lib\libg.a
LOAD c:/arm7/yagarto/bin/../lib/gcc/arm-elf/4.3.2/../../../../arm-elf/lib\libc.a
END GROUP
                0x00000000                . = 0x0

.text           0x00000000      0x898
 *Cstartup.o(.text)
 .text          0x00000000      0x13c include/Cstartup.o
                0x000000bc                IRQ_Handler_Entry
                0x0000010c                AT91F_Default_FIQ_handler
                0x00000000                _startup
                0x00000110                AT91F_Default_IRQ_handler
                0x00000114                AT91F_Spurious_handler
                0x000000b8                exit
 *(.text)
 .text          0x0000013c      0x140 include/Cstartup_SAM7.o
                0x0000013c                AT91F_LowLevelInit
 .text          0x0000027c      0x268 main.o
                0x0000039c                timer1_isr
                0x00000428                main
                0x0000027c                pioa_isr
 .text          0x000004e4      0x228 interrupt.o
                0x00000578                timer_ir_init
                0x000004e4                pioa_ir_init
 .text          0x0000070c      0x18c cToolMod.o
                0x00000780                delay1ms
                0x000007f4                getTaste
                0x0000070c                delay5ms
 *(.glue_7t)
 .glue_7t       0x00000898        0x0 include/Cstartup.o
 .glue_7t       0x00000898        0x0 include/Cstartup_SAM7.o
 .glue_7t       0x00000898        0x0 main.o
 .glue_7t       0x00000898        0x0 interrupt.o
 .glue_7t       0x00000898        0x0 cToolMod.o
 *(.glue_7)
 .glue_7        0x00000898        0x0 include/Cstartup.o
 .glue_7        0x00000898        0x0 include/Cstartup_SAM7.o
 .glue_7        0x00000898        0x0 main.o
 .glue_7        0x00000898        0x0 interrupt.o
 .glue_7        0x00000898        0x0 cToolMod.o

.vfp11_veneer   0x00000898        0x0
 .vfp11_veneer  0x00000898        0x0 include/Cstartup.o
 .vfp11_veneer  0x00000898        0x0 include/Cstartup_SAM7.o
 .vfp11_veneer  0x00000898        0x0 main.o
 .vfp11_veneer  0x00000898        0x0 interrupt.o
 .vfp11_veneer  0x00000898        0x0 cToolMod.o
                0x00000898                . = ALIGN (0x4)

.rodata         0x00000898       0x20
 *(.rodata)
 .rodata        0x00000898       0x20 main.o
                0x000008b8                . = ALIGN (0x4)
                0x000008b8                _etext = .
                0x000008b8                PROVIDE (etext, .)

.data           0x00200000        0x8 load address 0x000008b8
                0x00200000                _data = .
 *(.data)
 .data          0x00200000        0x0 include/Cstartup.o
 .data          0x00200000        0x0 include/Cstartup_SAM7.o
 .data          0x00200000        0x8 main.o
                0x00200000                global_LR
                0x00200004                global_delay
 .data          0x00200008        0x0 interrupt.o
 .data          0x00200008        0x0 cToolMod.o
                0x00200008                . = ALIGN (0x4)
                0x00200008                _edata = .
                0x00200008                PROVIDE (edata, .)

.bss            0x00200008        0x2 load address 0x000008c0
                0x00200008                __bss_start = .
                0x00200008                __bss_start__ = .
 *(.bss)
 .bss           0x00200008        0x0 include/Cstartup.o
 .bss           0x00200008        0x0 include/Cstartup_SAM7.o
 .bss           0x00200008        0x2 main.o
 .bss           0x0020000a        0x0 interrupt.o
 .bss           0x0020000a        0x0 cToolMod.o
 *(COMMON)
                0x0020000c                . = ALIGN (0x4)
                0x0020000c                __bss_end__ = .
                0x0020000c                __bss_end__ = .
                0x0020000c                _end = .
                0x0020000c                PROVIDE (end, .)

.int_data       0x00204000        0x0
 *(.internal_ram_top)
 .internal_ram_top
                0x00204000        0x0 include/Cstartup.o

.stab
 *(.stab)

.stabstr
 *(.stabstr)

.stab.excl
 *(.stab.excl)

.stab.exclstr
 *(.stab.exclstr)

.stab.index
 *(.stab.index)

.stab.indexstr
 *(.stab.indexstr)

.comment        0x00000000       0x48
 *(.comment)
 .comment       0x00000000       0x12 include/Cstartup_SAM7.o
 .comment       0x00000012       0x12 main.o
 .comment       0x00000024       0x12 interrupt.o
 .comment       0x00000036       0x12 cToolMod.o

.debug
 *(.debug)

.line
 *(.line)

.debug_srcinfo
 *(.debug_srcinfo)

.debug_sfnames
 *(.debug_sfnames)

.debug_aranges  0x00000000       0xa0
 *(.debug_aranges)
 .debug_aranges
                0x00000000       0x20 include/Cstartup.o
 .debug_aranges
                0x00000020       0x20 include/Cstartup_SAM7.o
 .debug_aranges
                0x00000040       0x20 main.o
 .debug_aranges
                0x00000060       0x20 interrupt.o
 .debug_aranges
                0x00000080       0x20 cToolMod.o

.debug_pubnames
                0x00000000       0xed
 *(.debug_pubnames)
 .debug_pubnames
                0x00000000       0x29 include/Cstartup_SAM7.o
 .debug_pubnames
                0x00000029       0x56 main.o
 .debug_pubnames
                0x0000007f       0x35 interrupt.o
 .debug_pubnames
                0x000000b4       0x39 cToolMod.o

.debug_info     0x00000000     0x1469
 *(.debug_info .gnu.linkonce.wi.*)
 .debug_info    0x00000000       0x61 include/Cstartup.o
 .debug_info    0x00000061      0x41e include/Cstartup_SAM7.o
 .debug_info    0x0000047f      0x5b0 main.o
 .debug_info    0x00000a2f      0x716 interrupt.o
 .debug_info    0x00001145      0x324 cToolMod.o

.debug_abbrev   0x00000000      0x306
 *(.debug_abbrev)
 .debug_abbrev  0x00000000       0x14 include/Cstartup.o
 .debug_abbrev  0x00000014       0xae include/Cstartup_SAM7.o
 .debug_abbrev  0x000000c2       0xcc main.o
 .debug_abbrev  0x0000018e       0xcf interrupt.o
 .debug_abbrev  0x0000025d       0xa9 cToolMod.o

.debug_line     0x00000000      0x243
 *(.debug_line)
 .debug_line    0x00000000       0x92 include/Cstartup.o
 .debug_line    0x00000092       0x68 include/Cstartup_SAM7.o
 .debug_line    0x000000fa       0x70 main.o
 .debug_line    0x0000016a       0x75 interrupt.o
 .debug_line    0x000001df       0x64 cToolMod.o

.debug_frame    0x00000000      0x160
 *(.debug_frame)
 .debug_frame   0x00000000       0x30 include/Cstartup_SAM7.o
 .debug_frame   0x00000030       0x70 main.o
 .debug_frame   0x000000a0       0x50 interrupt.o
 .debug_frame   0x000000f0       0x70 cToolMod.o

.debug_str      0x00000000      0x464
 *(.debug_str)
 .debug_str     0x00000000      0x22e include/Cstartup_SAM7.o
 .debug_str     0x0000022e      0x1af main.o
                                0x2ae (size before relaxing)
 .debug_str     0x000003dd       0x61 interrupt.o
                                0x370 (size before relaxing)
 .debug_str     0x0000043e       0x26 cToolMod.o
                                0x1aa (size before relaxing)

.debug_loc      0x00000000      0x17a
 *(.debug_loc)
 .debug_loc     0x00000000       0x2a include/Cstartup_SAM7.o
 .debug_loc     0x0000002a       0x7e main.o
 .debug_loc     0x000000a8       0x54 interrupt.o
 .debug_loc     0x000000fc       0x7e cToolMod.o

.debug_macinfo
 *(.debug_macinfo)

.debug_weaknames
 *(.debug_weaknames)

.debug_funcnames
 *(.debug_funcnames)

.debug_typenames
 *(.debug_typenames)

.debug_varnames
 *(.debug_varnames)
OUTPUT(main.elf elf32-littlearm)

.reset          0x00000000        0x0
 .reset         0x00000000        0x0 include/Cstartup.o

.ARM.attributes
                0x00000000       0x10
 .ARM.attributes
                0x00000000       0x10 include/Cstartup.o
 .ARM.attributes
                0x00000010       0x10 include/Cstartup_SAM7.o
 .ARM.attributes
                0x00000020       0x10 main.o
 .ARM.attributes
                0x00000030       0x10 interrupt.o
 .ARM.attributes
                0x00000040       0x10 cToolMod.o

Cross Reference Table

Symbol                                            File
AT91F_Default_FIQ_handler                         include/Cstartup.o
                                                  include/Cstartup_SAM7.o
AT91F_Default_IRQ_handler                         include/Cstartup.o
                                                  include/Cstartup_SAM7.o
AT91F_LowLevelInit                                include/Cstartup_SAM7.o
                                                  include/Cstartup.o
AT91F_Spurious_handler                            include/Cstartup.o
                                                  include/Cstartup_SAM7.o
IRQ_Handler_Entry                                 include/Cstartup.o
Top_Stack                                         include/Cstartup.o
__bss_end__                                       include/Cstartup.o
__bss_start__                                     include/Cstartup.o
_data                                             include/Cstartup.o
_edata                                            include/Cstartup.o
_etext                                            include/Cstartup.o
_startup                                          include/Cstartup.o
delay1ms                                          cToolMod.o
delay5ms                                          cToolMod.o
                                                  main.o
exit                                              include/Cstartup.o
getTaste                                          cToolMod.o
                                                  main.o
global_LR                                         main.o
global_delay                                      main.o
main                                              main.o
                                                  include/Cstartup.o
pioa_ir_init                                      interrupt.o
                                                  main.o
pioa_isr                                          main.o
timer1_isr                                        main.o
timer_ir_init                                     interrupt.o
                                                  main.o
