Archive member included because of file (symbol)

c:/arm7/yagarto/bin/../lib/gcc/arm-elf/4.3.2/../../../../arm-elf/lib\libc.a(lib_a-memcpy.o)
                              display.o (memcpy)

Memory Configuration

Name             Origin             Length             Attributes
CODE             0x00000000         0x00010000         xr
DATA             0x00200000         0x00004000         rw
STACK            0x00204000         0x00000000         rw
*default*        0x00000000         0xffffffff

Linker script and memory map

LOAD include/Cstartup.o
LOAD include/Cstartup_SAM7.o
LOAD main.o
LOAD display.o
LOAD cToolMod.o
LOAD c:/arm7/yagarto/bin/../lib/gcc/arm-elf/4.3.2/../../../../arm-elf/lib\libc.a
LOAD c:/arm7/yagarto/bin/../lib/gcc/arm-elf/4.3.2/../../../../arm-elf/lib\libm.a
LOAD c:/arm7/yagarto/bin/../lib/gcc/arm-elf/4.3.2/../../../../arm-elf/lib\libc.a
LOAD c:/arm7/yagarto/bin/../lib/gcc/arm-elf/4.3.2\libgcc.a
START GROUP
LOAD c:/arm7/yagarto/bin/../lib/gcc/arm-elf/4.3.2\libgcc.a
LOAD c:/arm7/yagarto/bin/../lib/gcc/arm-elf/4.3.2/../../../../arm-elf/lib\libg.a
LOAD c:/arm7/yagarto/bin/../lib/gcc/arm-elf/4.3.2/../../../../arm-elf/lib\libc.a
END GROUP
                0x00000000                . = 0x0

.text           0x00000000      0xfc0
 *Cstartup.o(.text)
 .text          0x00000000      0x13c include/Cstartup.o
                0x000000bc                IRQ_Handler_Entry
                0x0000010c                AT91F_Default_FIQ_handler
                0x00000000                _startup
                0x00000110                AT91F_Default_IRQ_handler
                0x00000114                AT91F_Spurious_handler
                0x000000b8                exit
 *(.text)
 .text          0x0000013c      0x140 include/Cstartup_SAM7.o
                0x0000013c                AT91F_LowLevelInit
 .text          0x0000027c       0xc4 main.o
                0x0000027c                main
 .text          0x00000340      0x9f8 display.o
                0x00000340                delay1us
                0x0000035c                lcd_write
                0x000006a8                display_printf
                0x00000654                display_set_cursor
                0x0000060c                display_putstr
                0x00000514                display_init
                0x000005e0                display_putchar
 .text          0x00000d38      0x18c cToolMod.o
                0x00000dac                delay1ms
                0x00000e20                getTaste
                0x00000d38                delay5ms
 .text          0x00000ec4       0xfc c:/arm7/yagarto/bin/../lib/gcc/arm-elf/4.3.2/../../../../arm-elf/lib\libc.a(lib_a-memcpy.o)
                0x00000ec4                memcpy
 *(.glue_7t)
 .glue_7t       0x00000fc0        0x0 include/Cstartup.o
 .glue_7t       0x00000fc0        0x0 include/Cstartup_SAM7.o
 .glue_7t       0x00000fc0        0x0 main.o
 .glue_7t       0x00000fc0        0x0 display.o
 .glue_7t       0x00000fc0        0x0 cToolMod.o
 .glue_7t       0x00000fc0        0x0 c:/arm7/yagarto/bin/../lib/gcc/arm-elf/4.3.2/../../../../arm-elf/lib\libc.a(lib_a-memcpy.o)
 *(.glue_7)
 .glue_7        0x00000fc0        0x0 include/Cstartup.o
 .glue_7        0x00000fc0        0x0 include/Cstartup_SAM7.o
 .glue_7        0x00000fc0        0x0 main.o
 .glue_7        0x00000fc0        0x0 display.o
 .glue_7        0x00000fc0        0x0 cToolMod.o
 .glue_7        0x00000fc0        0x0 c:/arm7/yagarto/bin/../lib/gcc/arm-elf/4.3.2/../../../../arm-elf/lib\libc.a(lib_a-memcpy.o)

.vfp11_veneer   0x00000fc0        0x0
 .vfp11_veneer  0x00000fc0        0x0 include/Cstartup.o
 .vfp11_veneer  0x00000fc0        0x0 include/Cstartup_SAM7.o
 .vfp11_veneer  0x00000fc0        0x0 main.o
 .vfp11_veneer  0x00000fc0        0x0 display.o
 .vfp11_veneer  0x00000fc0        0x0 cToolMod.o
 .vfp11_veneer  0x00000fc0        0x0 c:/arm7/yagarto/bin/../lib/gcc/arm-elf/4.3.2/../../../../arm-elf/lib\libc.a(lib_a-memcpy.o)
                0x00000fc0                . = ALIGN (0x4)

.rodata         0x00000fc0       0x1c
 *(.rodata)
 .rodata        0x00000fc0        0x8 main.o
 .rodata        0x00000fc8       0x14 display.o
                0x00000fdc                . = ALIGN (0x4)
                0x00000fdc                _etext = .
                0x00000fdc                PROVIDE (etext, .)

.data           0x00200000        0x0 load address 0x00000fdc
                0x00200000                _data = .
 *(.data)
 .data          0x00200000        0x0 include/Cstartup.o
 .data          0x00200000        0x0 include/Cstartup_SAM7.o
 .data          0x00200000        0x0 main.o
 .data          0x00200000        0x0 display.o
 .data          0x00200000        0x0 cToolMod.o
 .data          0x00200000        0x0 c:/arm7/yagarto/bin/../lib/gcc/arm-elf/4.3.2/../../../../arm-elf/lib\libc.a(lib_a-memcpy.o)
                0x00200000                . = ALIGN (0x4)
                0x00200000                _edata = .
                0x00200000                PROVIDE (edata, .)

.bss            0x00200000        0x0 load address 0x00000fdc
                0x00200000                __bss_start = .
                0x00200000                __bss_start__ = .
 *(.bss)
 .bss           0x00200000        0x0 include/Cstartup.o
 .bss           0x00200000        0x0 include/Cstartup_SAM7.o
 .bss           0x00200000        0x0 main.o
 .bss           0x00200000        0x0 display.o
 .bss           0x00200000        0x0 cToolMod.o
 .bss           0x00200000        0x0 c:/arm7/yagarto/bin/../lib/gcc/arm-elf/4.3.2/../../../../arm-elf/lib\libc.a(lib_a-memcpy.o)
 *(COMMON)
                0x00200000                . = ALIGN (0x4)
                0x00200000                __bss_end__ = .
                0x00200000                __bss_end__ = .
                0x00200000                _end = .
                0x00200000                PROVIDE (end, .)

.int_data       0x00204000        0x0
 *(.internal_ram_top)
 .internal_ram_top
                0x00204000        0x0 include/Cstartup.o

.stab
 *(.stab)

.stabstr
 *(.stabstr)

.stab.excl
 *(.stab.excl)

.stab.exclstr
 *(.stab.exclstr)

.stab.index
 *(.stab.index)

.stab.indexstr
 *(.stab.indexstr)

.comment        0x00000000       0x5a
 *(.comment)
 .comment       0x00000000       0x12 include/Cstartup_SAM7.o
 .comment       0x00000012       0x12 main.o
 .comment       0x00000024       0x12 display.o
 .comment       0x00000036       0x12 cToolMod.o
 .comment       0x00000048       0x12 c:/arm7/yagarto/bin/../lib/gcc/arm-elf/4.3.2/../../../../arm-elf/lib\libc.a(lib_a-memcpy.o)

.debug
 *(.debug)

.line
 *(.line)

.debug_srcinfo
 *(.debug_srcinfo)

.debug_sfnames
 *(.debug_sfnames)

.debug_aranges  0x00000000       0xc0
 *(.debug_aranges)
 .debug_aranges
                0x00000000       0x20 include/Cstartup.o
 .debug_aranges
                0x00000020       0x20 include/Cstartup_SAM7.o
 .debug_aranges
                0x00000040       0x20 main.o
 .debug_aranges
                0x00000060       0x20 display.o
 .debug_aranges
                0x00000080       0x20 cToolMod.o
 .debug_aranges
                0x000000a0       0x20 c:/arm7/yagarto/bin/../lib/gcc/arm-elf/4.3.2/../../../../arm-elf/lib\libc.a(lib_a-memcpy.o)

.debug_pubnames
                0x00000000      0x129
 *(.debug_pubnames)
 .debug_pubnames
                0x00000000       0x29 include/Cstartup_SAM7.o
 .debug_pubnames
                0x00000029       0x1b main.o
 .debug_pubnames
                0x00000044       0x8f display.o
 .debug_pubnames
                0x000000d3       0x39 cToolMod.o
 .debug_pubnames
                0x0000010c       0x1d c:/arm7/yagarto/bin/../lib/gcc/arm-elf/4.3.2/../../../../arm-elf/lib\libc.a(lib_a-memcpy.o)

.debug_info     0x00000000      0xfb8
 *(.debug_info .gnu.linkonce.wi.*)
 .debug_info    0x00000000       0x73 include/Cstartup.o
 .debug_info    0x00000073      0x41e include/Cstartup_SAM7.o
 .debug_info    0x00000491      0x284 main.o
 .debug_info    0x00000715      0x471 display.o
 .debug_info    0x00000b86      0x324 cToolMod.o
 .debug_info    0x00000eaa      0x10e c:/arm7/yagarto/bin/../lib/gcc/arm-elf/4.3.2/../../../../arm-elf/lib\libc.a(lib_a-memcpy.o)

.debug_abbrev   0x00000000      0x3aa
 *(.debug_abbrev)
 .debug_abbrev  0x00000000       0x14 include/Cstartup.o
 .debug_abbrev  0x00000014       0xae include/Cstartup_SAM7.o
 .debug_abbrev  0x000000c2       0x99 main.o
 .debug_abbrev  0x0000015b      0x10d display.o
 .debug_abbrev  0x00000268       0xa9 cToolMod.o
 .debug_abbrev  0x00000311       0x99 c:/arm7/yagarto/bin/../lib/gcc/arm-elf/4.3.2/../../../../arm-elf/lib\libc.a(lib_a-memcpy.o)

.debug_line     0x00000000      0x38d
 *(.debug_line)
 .debug_line    0x00000000       0x92 include/Cstartup.o
 .debug_line    0x00000092       0x68 include/Cstartup_SAM7.o
 .debug_line    0x000000fa       0x5a main.o
 .debug_line    0x00000154       0xdd display.o
 .debug_line    0x00000231       0x64 cToolMod.o
 .debug_line    0x00000295       0xf8 c:/arm7/yagarto/bin/../lib/gcc/arm-elf/4.3.2/../../../../arm-elf/lib\libc.a(lib_a-memcpy.o)

.debug_frame    0x00000000      0x1e4
 *(.debug_frame)
 .debug_frame   0x00000000       0x30 include/Cstartup_SAM7.o
 .debug_frame   0x00000030       0x30 main.o
 .debug_frame   0x00000060       0xe8 display.o
 .debug_frame   0x00000148       0x70 cToolMod.o
 .debug_frame   0x000001b8       0x2c c:/arm7/yagarto/bin/../lib/gcc/arm-elf/4.3.2/../../../../arm-elf/lib\libc.a(lib_a-memcpy.o)

.debug_str      0x00000000      0x5f6
 *(.debug_str)
 .debug_str     0x00000000      0x233 include/Cstartup_SAM7.o
                                0x240 (size before relaxing)
 .debug_str     0x00000233      0x111 main.o
                                0x178 (size before relaxing)
 .debug_str     0x00000344      0x1c2 display.o
                                0x260 (size before relaxing)
 .debug_str     0x00000506       0x26 cToolMod.o
                                0x1bc (size before relaxing)
 .debug_str     0x0000052c       0xca c:/arm7/yagarto/bin/../lib/gcc/arm-elf/4.3.2/../../../../arm-elf/lib\libc.a(lib_a-memcpy.o)
                                 0xdb (size before relaxing)

.debug_loc      0x00000000      0x2fe
 *(.debug_loc)
 .debug_loc     0x00000000       0x2a include/Cstartup_SAM7.o
 .debug_loc     0x0000002a       0x2a main.o
 .debug_loc     0x00000054       0xfc display.o
 .debug_loc     0x00000150       0x7e cToolMod.o
 .debug_loc     0x000001ce      0x130 c:/arm7/yagarto/bin/../lib/gcc/arm-elf/4.3.2/../../../../arm-elf/lib\libc.a(lib_a-memcpy.o)

.debug_macinfo
 *(.debug_macinfo)

.debug_weaknames
 *(.debug_weaknames)

.debug_funcnames
 *(.debug_funcnames)

.debug_typenames
 *(.debug_typenames)

.debug_varnames
 *(.debug_varnames)
OUTPUT(main.elf elf32-littlearm)

.reset          0x00000000        0x0
 .reset         0x00000000        0x0 include/Cstartup.o

.ARM.attributes
                0x00000000       0x10
 .ARM.attributes
                0x00000000       0x10 include/Cstartup.o
 .ARM.attributes
                0x00000010       0x10 include/Cstartup_SAM7.o
 .ARM.attributes
                0x00000020       0x10 main.o
 .ARM.attributes
                0x00000030       0x10 display.o
 .ARM.attributes
                0x00000040       0x10 cToolMod.o
 .ARM.attributes
                0x00000050       0x10 c:/arm7/yagarto/bin/../lib/gcc/arm-elf/4.3.2/../../../../arm-elf/lib\libc.a(lib_a-memcpy.o)

Cross Reference Table

Symbol                                            File
AT91F_Default_FIQ_handler                         include/Cstartup.o
                                                  include/Cstartup_SAM7.o
AT91F_Default_IRQ_handler                         include/Cstartup.o
                                                  include/Cstartup_SAM7.o
AT91F_LowLevelInit                                include/Cstartup_SAM7.o
                                                  include/Cstartup.o
AT91F_Spurious_handler                            include/Cstartup.o
                                                  include/Cstartup_SAM7.o
IRQ_Handler_Entry                                 include/Cstartup.o
Top_Stack                                         include/Cstartup.o
__bss_end__                                       include/Cstartup.o
__bss_start__                                     include/Cstartup.o
_data                                             include/Cstartup.o
_edata                                            include/Cstartup.o
_etext                                            include/Cstartup.o
_startup                                          include/Cstartup.o
delay1ms                                          cToolMod.o
delay1us                                          display.o
delay5ms                                          cToolMod.o
                                                  main.o
display_init                                      display.o
                                                  main.o
display_printf                                    display.o
                                                  main.o
display_putchar                                   display.o
display_putstr                                    display.o
display_set_cursor                                display.o
                                                  main.o
exit                                              include/Cstartup.o
getTaste                                          cToolMod.o
lcd_write                                         display.o
main                                              main.o
                                                  include/Cstartup.o
memcpy                                            c:/arm7/yagarto/bin/../lib/gcc/arm-elf/4.3.2/../../../../arm-elf/lib\libc.a(lib_a-memcpy.o)
                                                  display.o
