Archive member included because of file (symbol)

c:/arm7/yagarto/bin/../lib/gcc/arm-elf/4.3.2/../../../../arm-elf/lib\libc.a(lib_a-memcpy.o)
                              display.o (memcpy)

Memory Configuration

Name             Origin             Length             Attributes
CODE             0x00000000         0x00010000         xr
DATA             0x00200000         0x00004000         rw
STACK            0x00204000         0x00000000         rw
*default*        0x00000000         0xffffffff

Linker script and memory map

LOAD include/Cstartup.o
LOAD include/Cstartup_SAM7.o
LOAD main.o
LOAD cToolMod.o
LOAD display.o
LOAD c:/arm7/yagarto/bin/../lib/gcc/arm-elf/4.3.2/../../../../arm-elf/lib\libc.a
LOAD c:/arm7/yagarto/bin/../lib/gcc/arm-elf/4.3.2/../../../../arm-elf/lib\libm.a
LOAD c:/arm7/yagarto/bin/../lib/gcc/arm-elf/4.3.2/../../../../arm-elf/lib\libc.a
LOAD c:/arm7/yagarto/bin/../lib/gcc/arm-elf/4.3.2\libgcc.a
START GROUP
LOAD c:/arm7/yagarto/bin/../lib/gcc/arm-elf/4.3.2\libgcc.a
LOAD c:/arm7/yagarto/bin/../lib/gcc/arm-elf/4.3.2/../../../../arm-elf/lib\libg.a
LOAD c:/arm7/yagarto/bin/../lib/gcc/arm-elf/4.3.2/../../../../arm-elf/lib\libc.a
END GROUP
                0x00000000                . = 0x0

.text           0x00000000     0x1590
 *Cstartup.o(.text)
 .text          0x00000000      0x13c include/Cstartup.o
                0x000000bc                IRQ_Handler_Entry
                0x0000010c                AT91F_Default_FIQ_handler
                0x00000000                _startup
                0x00000110                AT91F_Default_IRQ_handler
                0x00000114                AT91F_Spurious_handler
                0x000000b8                exit
 *(.text)
 .text          0x0000013c      0x140 include/Cstartup_SAM7.o
                0x0000013c                AT91F_LowLevelInit
 .text          0x0000027c      0x738 main.o
                0x000008c8                line_blinker_mode_backward
                0x00000488                led_on_direct
                0x000003e8                enable_led
                0x000008a4                line_blinker_mode_forward
                0x00000454                led_off_pointer
                0x00000568                blink_led
                0x00000528                led_on
                0x00000754                odd_even_blinker_mode
                0x00000660                blink_all_in_line
                0x000007bc                odd_even_blinker_direct_mode
                0x000004d8                led_on_base
                0x00000620                blink_leds
                0x00000500                led_off_base
                0x000008ec                main
                0x000003d0                delay
                0x00000548                led_off
                0x000004b0                led_off_direct
                0x000005a8                get_bitfield_for_leds
                0x0000027c                is_button_pressed
                0x000002b8                pioa_ir_init
                0x00000420                led_on_pointer
                0x0000034c                pioa_isr
                0x00000730                all_led_blinker_mode
 .text          0x000009b4       0xb0 cToolMod.o
                0x000009b4                delay_ms
                0x00000a28                delay_s
 .text          0x00000a64      0xa30 display.o
                0x00000a64                delay1us
                0x00000a80                lcd_write
                0x00000e04                display_printf
                0x00000d68                display_set_cursor
                0x00000d20                display_putstr
                0x00000c28                display_init
                0x00000dbc                display_clear
                0x00000cf4                display_putchar
 .text          0x00001494       0xfc c:/arm7/yagarto/bin/../lib/gcc/arm-elf/4.3.2/../../../../arm-elf/lib\libc.a(lib_a-memcpy.o)
                0x00001494                memcpy
 *(.glue_7t)
 .glue_7t       0x00001590        0x0 include/Cstartup.o
 .glue_7t       0x00001590        0x0 include/Cstartup_SAM7.o
 .glue_7t       0x00001590        0x0 main.o
 .glue_7t       0x00001590        0x0 cToolMod.o
 .glue_7t       0x00001590        0x0 display.o
 .glue_7t       0x00001590        0x0 c:/arm7/yagarto/bin/../lib/gcc/arm-elf/4.3.2/../../../../arm-elf/lib\libc.a(lib_a-memcpy.o)
 *(.glue_7)
 .glue_7        0x00001590        0x0 include/Cstartup.o
 .glue_7        0x00001590        0x0 include/Cstartup_SAM7.o
 .glue_7        0x00001590        0x0 main.o
 .glue_7        0x00001590        0x0 cToolMod.o
 .glue_7        0x00001590        0x0 display.o
 .glue_7        0x00001590        0x0 c:/arm7/yagarto/bin/../lib/gcc/arm-elf/4.3.2/../../../../arm-elf/lib\libc.a(lib_a-memcpy.o)

.vfp11_veneer   0x00001590        0x0
 .vfp11_veneer  0x00001590        0x0 include/Cstartup.o
 .vfp11_veneer  0x00001590        0x0 include/Cstartup_SAM7.o
 .vfp11_veneer  0x00001590        0x0 main.o
 .vfp11_veneer  0x00001590        0x0 cToolMod.o
 .vfp11_veneer  0x00001590        0x0 display.o
 .vfp11_veneer  0x00001590        0x0 c:/arm7/yagarto/bin/../lib/gcc/arm-elf/4.3.2/../../../../arm-elf/lib\libc.a(lib_a-memcpy.o)
                0x00001590                . = ALIGN (0x4)

.rodata         0x00001590       0xac
 *(.rodata)
 .rodata        0x00001590       0x84 main.o
 .rodata        0x00001614       0x28 display.o
                0x0000163c                . = ALIGN (0x4)
                0x0000163c                _etext = .
                0x0000163c                PROVIDE (etext, .)

.data           0x00200000       0x3c load address 0x0000163c
                0x00200000                _data = .
 *(.data)
 .data          0x00200000        0x0 include/Cstartup.o
 .data          0x00200000        0x0 include/Cstartup_SAM7.o
 .data          0x00200000       0x3c main.o
                0x00200014                blinker_modes
                0x00200000                all_leds
 .data          0x0020003c        0x0 cToolMod.o
 .data          0x0020003c        0x0 display.o
 .data          0x0020003c        0x0 c:/arm7/yagarto/bin/../lib/gcc/arm-elf/4.3.2/../../../../arm-elf/lib\libc.a(lib_a-memcpy.o)
                0x0020003c                . = ALIGN (0x4)
                0x0020003c                _edata = .
                0x0020003c                PROVIDE (edata, .)

.bss            0x0020003c        0x4 load address 0x00001678
                0x0020003c                __bss_start = .
                0x0020003c                __bss_start__ = .
 *(.bss)
 .bss           0x0020003c        0x0 include/Cstartup.o
 .bss           0x0020003c        0x0 include/Cstartup_SAM7.o
 .bss           0x0020003c        0x4 main.o
                0x0020003c                current_blink_mode
 .bss           0x00200040        0x0 cToolMod.o
 .bss           0x00200040        0x0 display.o
 .bss           0x00200040        0x0 c:/arm7/yagarto/bin/../lib/gcc/arm-elf/4.3.2/../../../../arm-elf/lib\libc.a(lib_a-memcpy.o)
 *(COMMON)
                0x00200040                . = ALIGN (0x4)
                0x00200040                __bss_end__ = .
                0x00200040                __bss_end__ = .
                0x00200040                _end = .
                0x00200040                PROVIDE (end, .)

.int_data       0x00204000        0x0
 *(.internal_ram_top)
 .internal_ram_top
                0x00204000        0x0 include/Cstartup.o

.stab
 *(.stab)

.stabstr
 *(.stabstr)

.stab.excl
 *(.stab.excl)

.stab.exclstr
 *(.stab.exclstr)

.stab.index
 *(.stab.index)

.stab.indexstr
 *(.stab.indexstr)

.comment        0x00000000       0x5a
 *(.comment)
 .comment       0x00000000       0x12 include/Cstartup_SAM7.o
 .comment       0x00000012       0x12 main.o
 .comment       0x00000024       0x12 cToolMod.o
 .comment       0x00000036       0x12 display.o
 .comment       0x00000048       0x12 c:/arm7/yagarto/bin/../lib/gcc/arm-elf/4.3.2/../../../../arm-elf/lib\libc.a(lib_a-memcpy.o)

.debug
 *(.debug)

.line
 *(.line)

.debug_srcinfo
 *(.debug_srcinfo)

.debug_sfnames
 *(.debug_sfnames)

.debug_aranges  0x00000000       0xc0
 *(.debug_aranges)
 .debug_aranges
                0x00000000       0x20 include/Cstartup.o
 .debug_aranges
                0x00000020       0x20 include/Cstartup_SAM7.o
 .debug_aranges
                0x00000040       0x20 main.o
 .debug_aranges
                0x00000060       0x20 cToolMod.o
 .debug_aranges
                0x00000080       0x20 display.o
 .debug_aranges
                0x000000a0       0x20 c:/arm7/yagarto/bin/../lib/gcc/arm-elf/4.3.2/../../../../arm-elf/lib\libc.a(lib_a-memcpy.o)

.debug_pubnames
                0x00000000      0x312
 *(.debug_pubnames)
 .debug_pubnames
                0x00000000       0x29 include/Cstartup_SAM7.o
 .debug_pubnames
                0x00000029      0x200 main.o
 .debug_pubnames
                0x00000229       0x2b cToolMod.o
 .debug_pubnames
                0x00000254       0xa1 display.o
 .debug_pubnames
                0x000002f5       0x1d c:/arm7/yagarto/bin/../lib/gcc/arm-elf/4.3.2/../../../../arm-elf/lib\libc.a(lib_a-memcpy.o)

.debug_info     0x00000000     0x158f
 *(.debug_info .gnu.linkonce.wi.*)
 .debug_info    0x00000000       0x5f include/Cstartup.o
 .debug_info    0x0000005f      0x41e include/Cstartup_SAM7.o
 .debug_info    0x0000047d      0xae2 main.o
 .debug_info    0x00000f5f       0x8a cToolMod.o
 .debug_info    0x00000fe9      0x498 display.o
 .debug_info    0x00001481      0x10e c:/arm7/yagarto/bin/../lib/gcc/arm-elf/4.3.2/../../../../arm-elf/lib\libc.a(lib_a-memcpy.o)

.debug_abbrev   0x00000000      0x472
 *(.debug_abbrev)
 .debug_abbrev  0x00000000       0x14 include/Cstartup.o
 .debug_abbrev  0x00000014       0xae include/Cstartup_SAM7.o
 .debug_abbrev  0x000000c2      0x185 main.o
 .debug_abbrev  0x00000247       0x70 cToolMod.o
 .debug_abbrev  0x000002b7      0x122 display.o
 .debug_abbrev  0x000003d9       0x99 c:/arm7/yagarto/bin/../lib/gcc/arm-elf/4.3.2/../../../../arm-elf/lib\libc.a(lib_a-memcpy.o)

.debug_line     0x00000000      0x3d9
 *(.debug_line)
 .debug_line    0x00000000       0x92 include/Cstartup.o
 .debug_line    0x00000092       0x68 include/Cstartup_SAM7.o
 .debug_line    0x000000fa       0xc1 main.o
 .debug_line    0x000001bb       0x43 cToolMod.o
 .debug_line    0x000001fe       0xe3 display.o
 .debug_line    0x000002e1       0xf8 c:/arm7/yagarto/bin/../lib/gcc/arm-elf/4.3.2/../../../../arm-elf/lib\libc.a(lib_a-memcpy.o)

.debug_frame    0x00000000      0x4a4
 *(.debug_frame)
 .debug_frame   0x00000000       0x30 include/Cstartup_SAM7.o
 .debug_frame   0x00000030      0x2f0 main.o
 .debug_frame   0x00000320       0x50 cToolMod.o
 .debug_frame   0x00000370      0x108 display.o
 .debug_frame   0x00000478       0x2c c:/arm7/yagarto/bin/../lib/gcc/arm-elf/4.3.2/../../../../arm-elf/lib\libc.a(lib_a-memcpy.o)

.debug_str      0x00000000      0x72c
 *(.debug_str)
 .debug_str     0x00000000      0x21f include/Cstartup_SAM7.o
                                0x22c (size before relaxing)
 .debug_str     0x0000021f      0x364 main.o
                                0x520 (size before relaxing)
 .debug_str     0x00000583       0x29 cToolMod.o
                                 0x70 (size before relaxing)
 .debug_str     0x000005ac       0xb6 display.o
                                0x260 (size before relaxing)
 .debug_str     0x00000662       0xca c:/arm7/yagarto/bin/../lib/gcc/arm-elf/4.3.2/../../../../arm-elf/lib\libc.a(lib_a-memcpy.o)
                                 0xdb (size before relaxing)

.debug_loc      0x00000000      0x69a
 *(.debug_loc)
 .debug_loc     0x00000000       0x2a include/Cstartup_SAM7.o
 .debug_loc     0x0000002a      0x3c6 main.o
 .debug_loc     0x000003f0       0x54 cToolMod.o
 .debug_loc     0x00000444      0x126 display.o
 .debug_loc     0x0000056a      0x130 c:/arm7/yagarto/bin/../lib/gcc/arm-elf/4.3.2/../../../../arm-elf/lib\libc.a(lib_a-memcpy.o)

.debug_macinfo
 *(.debug_macinfo)

.debug_weaknames
 *(.debug_weaknames)

.debug_funcnames
 *(.debug_funcnames)

.debug_typenames
 *(.debug_typenames)

.debug_varnames
 *(.debug_varnames)
OUTPUT(main.elf elf32-littlearm)

.reset          0x00000000        0x0
 .reset         0x00000000        0x0 include/Cstartup.o

.ARM.attributes
                0x00000000       0x10
 .ARM.attributes
                0x00000000       0x10 include/Cstartup.o
 .ARM.attributes
                0x00000010       0x10 include/Cstartup_SAM7.o
 .ARM.attributes
                0x00000020       0x10 main.o
 .ARM.attributes
                0x00000030       0x10 cToolMod.o
 .ARM.attributes
                0x00000040       0x10 display.o
 .ARM.attributes
                0x00000050       0x10 c:/arm7/yagarto/bin/../lib/gcc/arm-elf/4.3.2/../../../../arm-elf/lib\libc.a(lib_a-memcpy.o)

Cross Reference Table

Symbol                                            File
AT91F_Default_FIQ_handler                         include/Cstartup.o
                                                  include/Cstartup_SAM7.o
AT91F_Default_IRQ_handler                         include/Cstartup.o
                                                  include/Cstartup_SAM7.o
AT91F_LowLevelInit                                include/Cstartup_SAM7.o
                                                  include/Cstartup.o
AT91F_Spurious_handler                            include/Cstartup.o
                                                  include/Cstartup_SAM7.o
IRQ_Handler_Entry                                 include/Cstartup.o
Top_Stack                                         include/Cstartup.o
__bss_end__                                       include/Cstartup.o
__bss_start__                                     include/Cstartup.o
_data                                             include/Cstartup.o
_edata                                            include/Cstartup.o
_etext                                            include/Cstartup.o
_startup                                          include/Cstartup.o
all_led_blinker_mode                              main.o
all_leds                                          main.o
blink_all_in_line                                 main.o
blink_led                                         main.o
blink_leds                                        main.o
blinker_modes                                     main.o
current_blink_mode                                main.o
delay                                             main.o
delay1us                                          display.o
delay_ms                                          cToolMod.o
                                                  main.o
delay_s                                           cToolMod.o
display_clear                                     display.o
                                                  main.o
display_init                                      display.o
                                                  main.o
display_printf                                    display.o
display_putchar                                   display.o
display_putstr                                    display.o
                                                  main.o
display_set_cursor                                display.o
enable_led                                        main.o
exit                                              include/Cstartup.o
get_bitfield_for_leds                             main.o
is_button_pressed                                 main.o
lcd_write                                         display.o
led_off                                           main.o
led_off_base                                      main.o
led_off_direct                                    main.o
led_off_pointer                                   main.o
led_on                                            main.o
led_on_base                                       main.o
led_on_direct                                     main.o
led_on_pointer                                    main.o
line_blinker_mode_backward                        main.o
line_blinker_mode_forward                         main.o
main                                              main.o
                                                  include/Cstartup.o
memcpy                                            c:/arm7/yagarto/bin/../lib/gcc/arm-elf/4.3.2/../../../../arm-elf/lib\libc.a(lib_a-memcpy.o)
                                                  display.o
odd_even_blinker_direct_mode                      main.o
odd_even_blinker_mode                             main.o
pioa_ir_init                                      main.o
pioa_isr                                          main.o
