Archive member included because of file (symbol)

c:/arm7/yagarto/bin/../lib/gcc/arm-elf/4.3.2/../../../../arm-elf/lib\libc.a(lib_a-memcpy.o)
                              display.o (memcpy)

Memory Configuration

Name             Origin             Length             Attributes
CODE             0x00000000         0x00010000         xr
DATA             0x00200000         0x00004000         rw
STACK            0x00204000         0x00000000         rw
*default*        0x00000000         0xffffffff

Linker script and memory map

LOAD include/Cstartup.o
LOAD include/Cstartup_SAM7.o
LOAD main.o
LOAD display.o
LOAD c:/arm7/yagarto/bin/../lib/gcc/arm-elf/4.3.2/../../../../arm-elf/lib\libc.a
LOAD c:/arm7/yagarto/bin/../lib/gcc/arm-elf/4.3.2/../../../../arm-elf/lib\libm.a
LOAD c:/arm7/yagarto/bin/../lib/gcc/arm-elf/4.3.2/../../../../arm-elf/lib\libc.a
LOAD c:/arm7/yagarto/bin/../lib/gcc/arm-elf/4.3.2\libgcc.a
START GROUP
LOAD c:/arm7/yagarto/bin/../lib/gcc/arm-elf/4.3.2\libgcc.a
LOAD c:/arm7/yagarto/bin/../lib/gcc/arm-elf/4.3.2/../../../../arm-elf/lib\libg.a
LOAD c:/arm7/yagarto/bin/../lib/gcc/arm-elf/4.3.2/../../../../arm-elf/lib\libc.a
END GROUP
                0x00000000                . = 0x0

.text           0x00000000     0x109c
 *Cstartup.o(.text)
 .text          0x00000000      0x13c include/Cstartup.o
                0x000000bc                IRQ_Handler_Entry
                0x0000010c                AT91F_Default_FIQ_handler
                0x00000000                _startup
                0x00000110                AT91F_Default_IRQ_handler
                0x00000114                AT91F_Spurious_handler
                0x000000b8                exit
 *(.text)
 .text          0x0000013c      0x140 include/Cstartup_SAM7.o
                0x0000013c                AT91F_LowLevelInit
 .text          0x0000027c      0x2d8 main.o
                0x000002f0                enable_led
                0x00000338                led_on
                0x00000488                main
                0x0000027c                delay_ms
                0x00000360                led_off
                0x00000410                get_bitfield_for_leds
 .text          0x00000554      0xa4c display.o
                0x00000554                delay1us
                0x00000570                lcd_write
                0x00000910                display_printf
                0x00000868                display_set_cursor
                0x00000820                display_putstr
                0x00000728                display_init
                0x000008bc                display_clear
                0x000007f4                display_putchar
 .text          0x00000fa0       0xfc c:/arm7/yagarto/bin/../lib/gcc/arm-elf/4.3.2/../../../../arm-elf/lib\libc.a(lib_a-memcpy.o)
                0x00000fa0                memcpy
 *(.glue_7t)
 .glue_7t       0x0000109c        0x0 include/Cstartup.o
 .glue_7t       0x0000109c        0x0 include/Cstartup_SAM7.o
 .glue_7t       0x0000109c        0x0 main.o
 .glue_7t       0x0000109c        0x0 display.o
 .glue_7t       0x0000109c        0x0 c:/arm7/yagarto/bin/../lib/gcc/arm-elf/4.3.2/../../../../arm-elf/lib\libc.a(lib_a-memcpy.o)
 *(.glue_7)
 .glue_7        0x0000109c        0x0 include/Cstartup.o
 .glue_7        0x0000109c        0x0 include/Cstartup_SAM7.o
 .glue_7        0x0000109c        0x0 main.o
 .glue_7        0x0000109c        0x0 display.o
 .glue_7        0x0000109c        0x0 c:/arm7/yagarto/bin/../lib/gcc/arm-elf/4.3.2/../../../../arm-elf/lib\libc.a(lib_a-memcpy.o)

.vfp11_veneer   0x0000109c        0x0
 .vfp11_veneer  0x0000109c        0x0 include/Cstartup.o
 .vfp11_veneer  0x0000109c        0x0 include/Cstartup_SAM7.o
 .vfp11_veneer  0x0000109c        0x0 main.o
 .vfp11_veneer  0x0000109c        0x0 display.o
 .vfp11_veneer  0x0000109c        0x0 c:/arm7/yagarto/bin/../lib/gcc/arm-elf/4.3.2/../../../../arm-elf/lib\libc.a(lib_a-memcpy.o)
                0x0000109c                . = ALIGN (0x4)

.rodata         0x0000109c       0x2c
 *(.rodata)
 .rodata        0x0000109c        0x4 main.o
 .rodata        0x000010a0       0x28 display.o
                0x000010c8                . = ALIGN (0x4)
                0x000010c8                _etext = .
                0x000010c8                PROVIDE (etext, .)

.data           0x00200000       0x14 load address 0x000010c8
                0x00200000                _data = .
 *(.data)
 .data          0x00200000        0x0 include/Cstartup.o
 .data          0x00200000        0x0 include/Cstartup_SAM7.o
 .data          0x00200000       0x14 main.o
                0x00200000                all_leds
 .data          0x00200014        0x0 display.o
 .data          0x00200014        0x0 c:/arm7/yagarto/bin/../lib/gcc/arm-elf/4.3.2/../../../../arm-elf/lib\libc.a(lib_a-memcpy.o)
                0x00200014                . = ALIGN (0x4)
                0x00200014                _edata = .
                0x00200014                PROVIDE (edata, .)

.bss            0x00200014        0x0 load address 0x000010dc
                0x00200014                __bss_start = .
                0x00200014                __bss_start__ = .
 *(.bss)
 .bss           0x00200014        0x0 include/Cstartup.o
 .bss           0x00200014        0x0 include/Cstartup_SAM7.o
 .bss           0x00200014        0x0 main.o
 .bss           0x00200014        0x0 display.o
 .bss           0x00200014        0x0 c:/arm7/yagarto/bin/../lib/gcc/arm-elf/4.3.2/../../../../arm-elf/lib\libc.a(lib_a-memcpy.o)
 *(COMMON)
                0x00200014                . = ALIGN (0x4)
                0x00200014                __bss_end__ = .
                0x00200014                __bss_end__ = .
                0x00200014                _end = .
                0x00200014                PROVIDE (end, .)

.int_data       0x00204000        0x0
 *(.internal_ram_top)
 .internal_ram_top
                0x00204000        0x0 include/Cstartup.o

.stab
 *(.stab)

.stabstr
 *(.stabstr)

.stab.excl
 *(.stab.excl)

.stab.exclstr
 *(.stab.exclstr)

.stab.index
 *(.stab.index)

.stab.indexstr
 *(.stab.indexstr)

.comment        0x00000000       0x48
 *(.comment)
 .comment       0x00000000       0x12 include/Cstartup_SAM7.o
 .comment       0x00000012       0x12 main.o
 .comment       0x00000024       0x12 display.o
 .comment       0x00000036       0x12 c:/arm7/yagarto/bin/../lib/gcc/arm-elf/4.3.2/../../../../arm-elf/lib\libc.a(lib_a-memcpy.o)

.debug
 *(.debug)

.line
 *(.line)

.debug_srcinfo
 *(.debug_srcinfo)

.debug_sfnames
 *(.debug_sfnames)

.debug_aranges  0x00000000       0xa0
 *(.debug_aranges)
 .debug_aranges
                0x00000000       0x20 include/Cstartup.o
 .debug_aranges
                0x00000020       0x20 include/Cstartup_SAM7.o
 .debug_aranges
                0x00000040       0x20 main.o
 .debug_aranges
                0x00000060       0x20 display.o
 .debug_aranges
                0x00000080       0x20 c:/arm7/yagarto/bin/../lib/gcc/arm-elf/4.3.2/../../../../arm-elf/lib\libc.a(lib_a-memcpy.o)

.debug_pubnames
                0x00000000      0x15c
 *(.debug_pubnames)
 .debug_pubnames
                0x00000000       0x29 include/Cstartup_SAM7.o
 .debug_pubnames
                0x00000029       0x75 main.o
 .debug_pubnames
                0x0000009e       0xa1 display.o
 .debug_pubnames
                0x0000013f       0x1d c:/arm7/yagarto/bin/../lib/gcc/arm-elf/4.3.2/../../../../arm-elf/lib\libc.a(lib_a-memcpy.o)

.debug_info     0x00000000     0x1084
 *(.debug_info .gnu.linkonce.wi.*)
 .debug_info    0x00000000       0x62 include/Cstartup.o
 .debug_info    0x00000062      0x41e include/Cstartup_SAM7.o
 .debug_info    0x00000480      0x65e main.o
 .debug_info    0x00000ade      0x498 display.o
 .debug_info    0x00000f76      0x10e c:/arm7/yagarto/bin/../lib/gcc/arm-elf/4.3.2/../../../../arm-elf/lib\libc.a(lib_a-memcpy.o)

.debug_abbrev   0x00000000      0x3c9
 *(.debug_abbrev)
 .debug_abbrev  0x00000000       0x14 include/Cstartup.o
 .debug_abbrev  0x00000014       0xae include/Cstartup_SAM7.o
 .debug_abbrev  0x000000c2      0x14c main.o
 .debug_abbrev  0x0000020e      0x122 display.o
 .debug_abbrev  0x00000330       0x99 c:/arm7/yagarto/bin/../lib/gcc/arm-elf/4.3.2/../../../../arm-elf/lib\libc.a(lib_a-memcpy.o)

.debug_line     0x00000000      0x351
 *(.debug_line)
 .debug_line    0x00000000       0x92 include/Cstartup.o
 .debug_line    0x00000092       0x68 include/Cstartup_SAM7.o
 .debug_line    0x000000fa       0x7a main.o
 .debug_line    0x00000174       0xe5 display.o
 .debug_line    0x00000259       0xf8 c:/arm7/yagarto/bin/../lib/gcc/arm-elf/4.3.2/../../../../arm-elf/lib\libc.a(lib_a-memcpy.o)

.debug_frame    0x00000000      0x254
 *(.debug_frame)
 .debug_frame   0x00000000       0x30 include/Cstartup_SAM7.o
 .debug_frame   0x00000030       0xf0 main.o
 .debug_frame   0x00000120      0x108 display.o
 .debug_frame   0x00000228       0x2c c:/arm7/yagarto/bin/../lib/gcc/arm-elf/4.3.2/../../../../arm-elf/lib\libc.a(lib_a-memcpy.o)

.debug_str      0x00000000      0x658
 *(.debug_str)
 .debug_str     0x00000000      0x222 include/Cstartup_SAM7.o
                                0x22f (size before relaxing)
 .debug_str     0x00000222      0x2ad main.o
                                0x326 (size before relaxing)
 .debug_str     0x000004cf       0xbf display.o
                                0x263 (size before relaxing)
 .debug_str     0x0000058e       0xca c:/arm7/yagarto/bin/../lib/gcc/arm-elf/4.3.2/../../../../arm-elf/lib\libc.a(lib_a-memcpy.o)
                                 0xdb (size before relaxing)

.debug_loc      0x00000000      0x3a6
 *(.debug_loc)
 .debug_loc     0x00000000       0x2a include/Cstartup_SAM7.o
 .debug_loc     0x0000002a      0x126 main.o
 .debug_loc     0x00000150      0x126 display.o
 .debug_loc     0x00000276      0x130 c:/arm7/yagarto/bin/../lib/gcc/arm-elf/4.3.2/../../../../arm-elf/lib\libc.a(lib_a-memcpy.o)

.debug_macinfo
 *(.debug_macinfo)

.debug_weaknames
 *(.debug_weaknames)

.debug_funcnames
 *(.debug_funcnames)

.debug_typenames
 *(.debug_typenames)

.debug_varnames
 *(.debug_varnames)
OUTPUT(main.elf elf32-littlearm)

.reset          0x00000000        0x0
 .reset         0x00000000        0x0 include/Cstartup.o

.ARM.attributes
                0x00000000       0x10
 .ARM.attributes
                0x00000000       0x10 include/Cstartup.o
 .ARM.attributes
                0x00000010       0x10 include/Cstartup_SAM7.o
 .ARM.attributes
                0x00000020       0x10 main.o
 .ARM.attributes
                0x00000030       0x10 display.o
 .ARM.attributes
                0x00000040       0x10 c:/arm7/yagarto/bin/../lib/gcc/arm-elf/4.3.2/../../../../arm-elf/lib\libc.a(lib_a-memcpy.o)

Cross Reference Table

Symbol                                            File
AT91F_Default_FIQ_handler                         include/Cstartup.o
                                                  include/Cstartup_SAM7.o
AT91F_Default_IRQ_handler                         include/Cstartup.o
                                                  include/Cstartup_SAM7.o
AT91F_LowLevelInit                                include/Cstartup_SAM7.o
                                                  include/Cstartup.o
AT91F_Spurious_handler                            include/Cstartup.o
                                                  include/Cstartup_SAM7.o
IRQ_Handler_Entry                                 include/Cstartup.o
Top_Stack                                         include/Cstartup.o
__bss_end__                                       include/Cstartup.o
__bss_start__                                     include/Cstartup.o
_data                                             include/Cstartup.o
_edata                                            include/Cstartup.o
_etext                                            include/Cstartup.o
_startup                                          include/Cstartup.o
all_leds                                          main.o
delay1us                                          display.o
delay_ms                                          main.o
display_clear                                     display.o
                                                  main.o
display_init                                      display.o
                                                  main.o
display_printf                                    display.o
                                                  main.o
display_putchar                                   display.o
display_putstr                                    display.o
display_set_cursor                                display.o
enable_led                                        main.o
exit                                              include/Cstartup.o
get_bitfield_for_leds                             main.o
lcd_write                                         display.o
led_off                                           main.o
led_on                                            main.o
main                                              main.o
                                                  include/Cstartup.o
memcpy                                            c:/arm7/yagarto/bin/../lib/gcc/arm-elf/4.3.2/../../../../arm-elf/lib\libc.a(lib_a-memcpy.o)
                                                  display.o
