Archive member included because of file (symbol)

c:/arm7/yagarto/bin/../lib/gcc/arm-elf/4.3.2/../../../../arm-elf/lib\libc.a(lib_a-memcpy.o)
                              display.o (memcpy)

Memory Configuration

Name             Origin             Length             Attributes
CODE             0x00000000         0x00010000         xr
DATA             0x00200000         0x00004000         rw
STACK            0x00204000         0x00000000         rw
*default*        0x00000000         0xffffffff

Linker script and memory map

LOAD include/Cstartup.o
LOAD include/Cstartup_SAM7.o
LOAD main.o
LOAD serial.o
LOAD display.o
LOAD cToolMod.o
LOAD interrupt.o
LOAD c:/arm7/yagarto/bin/../lib/gcc/arm-elf/4.3.2/../../../../arm-elf/lib\libc.a
LOAD c:/arm7/yagarto/bin/../lib/gcc/arm-elf/4.3.2/../../../../arm-elf/lib\libm.a
LOAD c:/arm7/yagarto/bin/../lib/gcc/arm-elf/4.3.2/../../../../arm-elf/lib\libc.a
LOAD c:/arm7/yagarto/bin/../lib/gcc/arm-elf/4.3.2\libgcc.a
START GROUP
LOAD c:/arm7/yagarto/bin/../lib/gcc/arm-elf/4.3.2\libgcc.a
LOAD c:/arm7/yagarto/bin/../lib/gcc/arm-elf/4.3.2/../../../../arm-elf/lib\libg.a
LOAD c:/arm7/yagarto/bin/../lib/gcc/arm-elf/4.3.2/../../../../arm-elf/lib\libc.a
END GROUP
                0x00000000                . = 0x0

.text           0x00000000     0x13ec
 *Cstartup.o(.text)
 .text          0x00000000      0x13c include/Cstartup.o
                0x000000bc                IRQ_Handler_Entry
                0x0000010c                AT91F_Default_FIQ_handler
                0x00000000                _startup
                0x00000110                AT91F_Default_IRQ_handler
                0x00000114                AT91F_Spurious_handler
                0x000000b8                exit
 *(.text)
 .text          0x0000013c      0x140 include/Cstartup_SAM7.o
                0x0000013c                AT91F_LowLevelInit
 .text          0x0000027c       0xec main.o
                0x00000328                main
                0x0000027c                pioa_isr
 .text          0x00000368      0x1dc serial.o
                0x00000428                usart0_putchar
                0x000004b8                usart0_kbhit
                0x00000464                usart0_puts
                0x000003dc                usart0_putc
                0x00000368                usart0_init
                0x00000508                usart0_getc
 .text          0x00000544      0x9f8 display.o
                0x00000544                delay1us
                0x00000560                lcd_write
                0x000008ac                display_printf
                0x00000858                display_set_cursor
                0x00000810                display_putstr
                0x00000718                display_init
                0x000007e4                display_putchar
 .text          0x00000f3c      0x18c cToolMod.o
                0x00000fb0                delay1ms
                0x00001024                getTaste
                0x00000f3c                delay5ms
 .text          0x000010c8      0x228 interrupt.o
                0x0000115c                timer_ir_init
                0x000010c8                pioa_ir_init
 .text          0x000012f0       0xfc c:/arm7/yagarto/bin/../lib/gcc/arm-elf/4.3.2/../../../../arm-elf/lib\libc.a(lib_a-memcpy.o)
                0x000012f0                memcpy
 *(.glue_7t)
 .glue_7t       0x000013ec        0x0 include/Cstartup.o
 .glue_7t       0x000013ec        0x0 include/Cstartup_SAM7.o
 .glue_7t       0x000013ec        0x0 main.o
 .glue_7t       0x000013ec        0x0 serial.o
 .glue_7t       0x000013ec        0x0 display.o
 .glue_7t       0x000013ec        0x0 cToolMod.o
 .glue_7t       0x000013ec        0x0 interrupt.o
 .glue_7t       0x000013ec        0x0 c:/arm7/yagarto/bin/../lib/gcc/arm-elf/4.3.2/../../../../arm-elf/lib\libc.a(lib_a-memcpy.o)
 *(.glue_7)
 .glue_7        0x000013ec        0x0 include/Cstartup.o
 .glue_7        0x000013ec        0x0 include/Cstartup_SAM7.o
 .glue_7        0x000013ec        0x0 main.o
 .glue_7        0x000013ec        0x0 serial.o
 .glue_7        0x000013ec        0x0 display.o
 .glue_7        0x000013ec        0x0 cToolMod.o
 .glue_7        0x000013ec        0x0 interrupt.o
 .glue_7        0x000013ec        0x0 c:/arm7/yagarto/bin/../lib/gcc/arm-elf/4.3.2/../../../../arm-elf/lib\libc.a(lib_a-memcpy.o)

.vfp11_veneer   0x000013ec        0x0
 .vfp11_veneer  0x000013ec        0x0 include/Cstartup.o
 .vfp11_veneer  0x000013ec        0x0 include/Cstartup_SAM7.o
 .vfp11_veneer  0x000013ec        0x0 main.o
 .vfp11_veneer  0x000013ec        0x0 serial.o
 .vfp11_veneer  0x000013ec        0x0 display.o
 .vfp11_veneer  0x000013ec        0x0 cToolMod.o
 .vfp11_veneer  0x000013ec        0x0 interrupt.o
 .vfp11_veneer  0x000013ec        0x0 c:/arm7/yagarto/bin/../lib/gcc/arm-elf/4.3.2/../../../../arm-elf/lib\libc.a(lib_a-memcpy.o)
                0x000013ec                . = ALIGN (0x4)

.rodata         0x000013ec       0x30
 *(.rodata)
 .rodata        0x000013ec       0x1c main.o
 .rodata        0x00001408       0x14 display.o
                0x0000141c                . = ALIGN (0x4)
                0x0000141c                _etext = .
                0x0000141c                PROVIDE (etext, .)

.data           0x00200000        0x4 load address 0x0000141c
                0x00200000                _data = .
 *(.data)
 .data          0x00200000        0x0 include/Cstartup.o
 .data          0x00200000        0x0 include/Cstartup_SAM7.o
 .data          0x00200000        0x0 main.o
 .data          0x00200000        0x4 serial.o
                0x00200000                pUSART
 .data          0x00200004        0x0 display.o
 .data          0x00200004        0x0 cToolMod.o
 .data          0x00200004        0x0 interrupt.o
 .data          0x00200004        0x0 c:/arm7/yagarto/bin/../lib/gcc/arm-elf/4.3.2/../../../../arm-elf/lib\libc.a(lib_a-memcpy.o)
                0x00200004                . = ALIGN (0x4)
                0x00200004                _edata = .
                0x00200004                PROVIDE (edata, .)

.bss            0x00200004        0x0 load address 0x00001420
                0x00200004                __bss_start = .
                0x00200004                __bss_start__ = .
 *(.bss)
 .bss           0x00200004        0x0 include/Cstartup.o
 .bss           0x00200004        0x0 include/Cstartup_SAM7.o
 .bss           0x00200004        0x0 main.o
 .bss           0x00200004        0x0 serial.o
 .bss           0x00200004        0x0 display.o
 .bss           0x00200004        0x0 cToolMod.o
 .bss           0x00200004        0x0 interrupt.o
 .bss           0x00200004        0x0 c:/arm7/yagarto/bin/../lib/gcc/arm-elf/4.3.2/../../../../arm-elf/lib\libc.a(lib_a-memcpy.o)
 *(COMMON)
                0x00200004                . = ALIGN (0x4)
                0x00200004                __bss_end__ = .
                0x00200004                __bss_end__ = .
                0x00200004                _end = .
                0x00200004                PROVIDE (end, .)

.int_data       0x00204000        0x0
 *(.internal_ram_top)
 .internal_ram_top
                0x00204000        0x0 include/Cstartup.o

.stab
 *(.stab)

.stabstr
 *(.stabstr)

.stab.excl
 *(.stab.excl)

.stab.exclstr
 *(.stab.exclstr)

.stab.index
 *(.stab.index)

.stab.indexstr
 *(.stab.indexstr)

.comment        0x00000000       0x7e
 *(.comment)
 .comment       0x00000000       0x12 include/Cstartup_SAM7.o
 .comment       0x00000012       0x12 main.o
 .comment       0x00000024       0x12 serial.o
 .comment       0x00000036       0x12 display.o
 .comment       0x00000048       0x12 cToolMod.o
 .comment       0x0000005a       0x12 interrupt.o
 .comment       0x0000006c       0x12 c:/arm7/yagarto/bin/../lib/gcc/arm-elf/4.3.2/../../../../arm-elf/lib\libc.a(lib_a-memcpy.o)

.debug
 *(.debug)

.line
 *(.line)

.debug_srcinfo
 *(.debug_srcinfo)

.debug_sfnames
 *(.debug_sfnames)

.debug_aranges  0x00000000      0x100
 *(.debug_aranges)
 .debug_aranges
                0x00000000       0x20 include/Cstartup.o
 .debug_aranges
                0x00000020       0x20 include/Cstartup_SAM7.o
 .debug_aranges
                0x00000040       0x20 main.o
 .debug_aranges
                0x00000060       0x20 serial.o
 .debug_aranges
                0x00000080       0x20 display.o
 .debug_aranges
                0x000000a0       0x20 cToolMod.o
 .debug_aranges
                0x000000c0       0x20 interrupt.o
 .debug_aranges
                0x000000e0       0x20 c:/arm7/yagarto/bin/../lib/gcc/arm-elf/4.3.2/../../../../arm-elf/lib\libc.a(lib_a-memcpy.o)

.debug_pubnames
                0x00000000      0x1ec
 *(.debug_pubnames)
 .debug_pubnames
                0x00000000       0x29 include/Cstartup_SAM7.o
 .debug_pubnames
                0x00000029       0x28 main.o
 .debug_pubnames
                0x00000051       0x81 serial.o
 .debug_pubnames
                0x000000d2       0x8f display.o
 .debug_pubnames
                0x00000161       0x39 cToolMod.o
 .debug_pubnames
                0x0000019a       0x35 interrupt.o
 .debug_pubnames
                0x000001cf       0x1d c:/arm7/yagarto/bin/../lib/gcc/arm-elf/4.3.2/../../../../arm-elf/lib\libc.a(lib_a-memcpy.o)

.debug_info     0x00000000     0x1d2f
 *(.debug_info .gnu.linkonce.wi.*)
 .debug_info    0x00000000       0x73 include/Cstartup.o
 .debug_info    0x00000073      0x41e include/Cstartup_SAM7.o
 .debug_info    0x00000491      0x451 main.o
 .debug_info    0x000008e2      0x489 serial.o
 .debug_info    0x00000d6b      0x471 display.o
 .debug_info    0x000011dc      0x32f cToolMod.o
 .debug_info    0x0000150b      0x716 interrupt.o
 .debug_info    0x00001c21      0x10e c:/arm7/yagarto/bin/../lib/gcc/arm-elf/4.3.2/../../../../arm-elf/lib\libc.a(lib_a-memcpy.o)

.debug_abbrev   0x00000000      0x588
 *(.debug_abbrev)
 .debug_abbrev  0x00000000       0x14 include/Cstartup.o
 .debug_abbrev  0x00000014       0xae include/Cstartup_SAM7.o
 .debug_abbrev  0x000000c2       0xa7 main.o
 .debug_abbrev  0x00000169       0xf4 serial.o
 .debug_abbrev  0x0000025d      0x10d display.o
 .debug_abbrev  0x0000036a       0xb6 cToolMod.o
 .debug_abbrev  0x00000420       0xcf interrupt.o
 .debug_abbrev  0x000004ef       0x99 c:/arm7/yagarto/bin/../lib/gcc/arm-elf/4.3.2/../../../../arm-elf/lib\libc.a(lib_a-memcpy.o)

.debug_line     0x00000000      0x474
 *(.debug_line)
 .debug_line    0x00000000       0x92 include/Cstartup.o
 .debug_line    0x00000092       0x68 include/Cstartup_SAM7.o
 .debug_line    0x000000fa       0x5e main.o
 .debug_line    0x00000158       0x6e serial.o
 .debug_line    0x000001c6       0xdd display.o
 .debug_line    0x000002a3       0x64 cToolMod.o
 .debug_line    0x00000307       0x75 interrupt.o
 .debug_line    0x0000037c       0xf8 c:/arm7/yagarto/bin/../lib/gcc/arm-elf/4.3.2/../../../../arm-elf/lib\libc.a(lib_a-memcpy.o)

.debug_frame    0x00000000      0x324
 *(.debug_frame)
 .debug_frame   0x00000000       0x30 include/Cstartup_SAM7.o
 .debug_frame   0x00000030       0x50 main.o
 .debug_frame   0x00000080       0xd0 serial.o
 .debug_frame   0x00000150       0xe8 display.o
 .debug_frame   0x00000238       0x70 cToolMod.o
 .debug_frame   0x000002a8       0x50 interrupt.o
 .debug_frame   0x000002f8       0x2c c:/arm7/yagarto/bin/../lib/gcc/arm-elf/4.3.2/../../../../arm-elf/lib\libc.a(lib_a-memcpy.o)

.debug_str      0x00000000      0x6c9
 *(.debug_str)
 .debug_str     0x00000000      0x233 include/Cstartup_SAM7.o
                                0x240 (size before relaxing)
 .debug_str     0x00000233      0x12c main.o
                                0x23d (size before relaxing)
 .debug_str     0x0000035f      0x118 serial.o
                                0x23a (size before relaxing)
 .debug_str     0x00000477       0xb6 display.o
                                0x260 (size before relaxing)
 .debug_str     0x0000052d       0x26 cToolMod.o
                                0x1bc (size before relaxing)
 .debug_str     0x00000553       0xac interrupt.o
                                0x382 (size before relaxing)
 .debug_str     0x000005ff       0xca c:/arm7/yagarto/bin/../lib/gcc/arm-elf/4.3.2/../../../../arm-elf/lib\libc.a(lib_a-memcpy.o)
                                 0xdb (size before relaxing)

.debug_loc      0x00000000      0x478
 *(.debug_loc)
 .debug_loc     0x00000000       0x2a include/Cstartup_SAM7.o
 .debug_loc     0x0000002a       0x54 main.o
 .debug_loc     0x0000007e       0xfc serial.o
 .debug_loc     0x0000017a       0xfc display.o
 .debug_loc     0x00000276       0x7e cToolMod.o
 .debug_loc     0x000002f4       0x54 interrupt.o
 .debug_loc     0x00000348      0x130 c:/arm7/yagarto/bin/../lib/gcc/arm-elf/4.3.2/../../../../arm-elf/lib\libc.a(lib_a-memcpy.o)

.debug_macinfo
 *(.debug_macinfo)

.debug_weaknames
 *(.debug_weaknames)

.debug_funcnames
 *(.debug_funcnames)

.debug_typenames
 *(.debug_typenames)

.debug_varnames
 *(.debug_varnames)
OUTPUT(main.elf elf32-littlearm)

.reset          0x00000000        0x0
 .reset         0x00000000        0x0 include/Cstartup.o

.ARM.attributes
                0x00000000       0x10
 .ARM.attributes
                0x00000000       0x10 include/Cstartup.o
 .ARM.attributes
                0x00000010       0x10 include/Cstartup_SAM7.o
 .ARM.attributes
                0x00000020       0x10 main.o
 .ARM.attributes
                0x00000030       0x10 serial.o
 .ARM.attributes
                0x00000040       0x10 display.o
 .ARM.attributes
                0x00000050       0x10 cToolMod.o
 .ARM.attributes
                0x00000060       0x10 interrupt.o
 .ARM.attributes
                0x00000070       0x10 c:/arm7/yagarto/bin/../lib/gcc/arm-elf/4.3.2/../../../../arm-elf/lib\libc.a(lib_a-memcpy.o)

Cross Reference Table

Symbol                                            File
AT91F_Default_FIQ_handler                         include/Cstartup.o
                                                  include/Cstartup_SAM7.o
AT91F_Default_IRQ_handler                         include/Cstartup.o
                                                  include/Cstartup_SAM7.o
AT91F_LowLevelInit                                include/Cstartup_SAM7.o
                                                  include/Cstartup.o
AT91F_Spurious_handler                            include/Cstartup.o
                                                  include/Cstartup_SAM7.o
IRQ_Handler_Entry                                 include/Cstartup.o
Top_Stack                                         include/Cstartup.o
__bss_end__                                       include/Cstartup.o
__bss_start__                                     include/Cstartup.o
_data                                             include/Cstartup.o
_edata                                            include/Cstartup.o
_etext                                            include/Cstartup.o
_startup                                          include/Cstartup.o
delay1ms                                          cToolMod.o
delay1us                                          display.o
delay5ms                                          cToolMod.o
                                                  main.o
display_init                                      display.o
                                                  main.o
display_printf                                    display.o
                                                  main.o
display_putchar                                   display.o
display_putstr                                    display.o
display_set_cursor                                display.o
                                                  main.o
exit                                              include/Cstartup.o
getTaste                                          cToolMod.o
                                                  main.o
lcd_write                                         display.o
main                                              main.o
                                                  include/Cstartup.o
memcpy                                            c:/arm7/yagarto/bin/../lib/gcc/arm-elf/4.3.2/../../../../arm-elf/lib\libc.a(lib_a-memcpy.o)
                                                  display.o
pUSART                                            serial.o
pioa_ir_init                                      interrupt.o
                                                  main.o
pioa_isr                                          main.o
timer_ir_init                                     interrupt.o
usart0_getc                                       serial.o
usart0_init                                       serial.o
                                                  main.o
usart0_kbhit                                      serial.o
usart0_putc                                       serial.o
usart0_putchar                                    serial.o
usart0_puts                                       serial.o
                                                  main.o
