Archive member included because of file (symbol)

c:/arm7/yagarto/bin/../lib/gcc/arm-elf/4.3.2\libgcc.a(_muldivsf3.o)
                              pwm.o (__divsf3)
c:/arm7/yagarto/bin/../lib/gcc/arm-elf/4.3.2\libgcc.a(_cmpsf2.o)
                              pwm.o (__gtsf2)
c:/arm7/yagarto/bin/../lib/gcc/arm-elf/4.3.2\libgcc.a(_fixunssfsi.o)
                              pwm.o (__fixunssfsi)

Memory Configuration

Name             Origin             Length             Attributes
CODE             0x00000000         0x00010000         xr
DATA             0x00200000         0x00004000         rw
STACK            0x00204000         0x00000000         rw
*default*        0x00000000         0xffffffff

Linker script and memory map

LOAD include/Cstartup.o
LOAD include/Cstartup_SAM7.o
LOAD main.o
LOAD pwm.o
LOAD interrupt.o
LOAD c:/arm7/yagarto/bin/../lib/gcc/arm-elf/4.3.2/../../../../arm-elf/lib\libc.a
LOAD c:/arm7/yagarto/bin/../lib/gcc/arm-elf/4.3.2/../../../../arm-elf/lib\libm.a
LOAD c:/arm7/yagarto/bin/../lib/gcc/arm-elf/4.3.2/../../../../arm-elf/lib\libc.a
LOAD c:/arm7/yagarto/bin/../lib/gcc/arm-elf/4.3.2\libgcc.a
START GROUP
LOAD c:/arm7/yagarto/bin/../lib/gcc/arm-elf/4.3.2\libgcc.a
LOAD c:/arm7/yagarto/bin/../lib/gcc/arm-elf/4.3.2/../../../../arm-elf/lib\libg.a
LOAD c:/arm7/yagarto/bin/../lib/gcc/arm-elf/4.3.2/../../../../arm-elf/lib\libc.a
END GROUP
                0x00000000                . = 0x0

.text           0x00000000     0x109c
 *Cstartup.o(.text)
 .text          0x00000000      0x13c include/Cstartup.o
                0x000000bc                IRQ_Handler_Entry
                0x0000010c                AT91F_Default_FIQ_handler
                0x00000000                _startup
                0x00000110                AT91F_Default_IRQ_handler
                0x00000114                AT91F_Spurious_handler
                0x000000b8                exit
 *(.text)
 .text          0x0000013c      0x140 include/Cstartup_SAM7.o
                0x0000013c                AT91F_LowLevelInit
 .text          0x0000027c      0x304 main.o
                0x0000027c                enable_led
                0x000002c4                led_on
                0x00000468                main
                0x000002ec                led_off
                0x000003f0                get_bitfield_for_leds
                0x0000039c                timer0_isr
 .text          0x00000580      0x4b0 pwm.o
                0x000008c4                pwm_set_duty
                0x00000580                pwm_init
 .text          0x00000a30      0x228 interrupt.o
                0x00000ac4                timer_ir_init
                0x00000a30                pioa_ir_init
 .text          0x00000c58      0x2f8 c:/arm7/yagarto/bin/../lib/gcc/arm-elf/4.3.2\libgcc.a(_muldivsf3.o)
                0x00000df0                __divsf3
                0x00000df0                __aeabi_fdiv
                0x00000c58                __mulsf3
                0x00000c58                __aeabi_fmul
 .text          0x00000f50       0xf8 c:/arm7/yagarto/bin/../lib/gcc/arm-elf/4.3.2\libgcc.a(_cmpsf2.o)
                0x00001034                __aeabi_fcmpgt
                0x00000f58                __lesf2
                0x00000f60                __nesf2
                0x00001020                __aeabi_fcmpge
                0x00000f50                __gtsf2
                0x0000100c                __aeabi_fcmple
                0x00000f60                __eqsf2
                0x00000f60                __cmpsf2
                0x00000f58                __ltsf2
                0x00000fd0                __aeabi_cfcmple
                0x00000f50                __gesf2
                0x00000fe4                __aeabi_fcmpeq
                0x00000fc0                __aeabi_cfrcmple
                0x00000ff8                __aeabi_fcmplt
                0x00000fd0                __aeabi_cfcmpeq
 .text          0x00001048       0x54 c:/arm7/yagarto/bin/../lib/gcc/arm-elf/4.3.2\libgcc.a(_fixunssfsi.o)
                0x00001048                __aeabi_f2uiz
                0x00001048                __fixunssfsi
 *(.glue_7t)
 .glue_7t       0x0000109c        0x0 include/Cstartup.o
 .glue_7t       0x0000109c        0x0 include/Cstartup_SAM7.o
 .glue_7t       0x0000109c        0x0 main.o
 .glue_7t       0x0000109c        0x0 pwm.o
 .glue_7t       0x0000109c        0x0 interrupt.o
 .glue_7t       0x0000109c        0x0 c:/arm7/yagarto/bin/../lib/gcc/arm-elf/4.3.2\libgcc.a(_muldivsf3.o)
 .glue_7t       0x0000109c        0x0 c:/arm7/yagarto/bin/../lib/gcc/arm-elf/4.3.2\libgcc.a(_cmpsf2.o)
 .glue_7t       0x0000109c        0x0 c:/arm7/yagarto/bin/../lib/gcc/arm-elf/4.3.2\libgcc.a(_fixunssfsi.o)
 *(.glue_7)
 .glue_7        0x0000109c        0x0 include/Cstartup.o
 .glue_7        0x0000109c        0x0 include/Cstartup_SAM7.o
 .glue_7        0x0000109c        0x0 main.o
 .glue_7        0x0000109c        0x0 pwm.o
 .glue_7        0x0000109c        0x0 interrupt.o
 .glue_7        0x0000109c        0x0 c:/arm7/yagarto/bin/../lib/gcc/arm-elf/4.3.2\libgcc.a(_muldivsf3.o)
 .glue_7        0x0000109c        0x0 c:/arm7/yagarto/bin/../lib/gcc/arm-elf/4.3.2\libgcc.a(_cmpsf2.o)
 .glue_7        0x0000109c        0x0 c:/arm7/yagarto/bin/../lib/gcc/arm-elf/4.3.2\libgcc.a(_fixunssfsi.o)

.vfp11_veneer   0x0000109c        0x0
 .vfp11_veneer  0x0000109c        0x0 include/Cstartup.o
 .vfp11_veneer  0x0000109c        0x0 include/Cstartup_SAM7.o
 .vfp11_veneer  0x0000109c        0x0 main.o
 .vfp11_veneer  0x0000109c        0x0 pwm.o
 .vfp11_veneer  0x0000109c        0x0 interrupt.o
 .vfp11_veneer  0x0000109c        0x0 c:/arm7/yagarto/bin/../lib/gcc/arm-elf/4.3.2\libgcc.a(_muldivsf3.o)
 .vfp11_veneer  0x0000109c        0x0 c:/arm7/yagarto/bin/../lib/gcc/arm-elf/4.3.2\libgcc.a(_cmpsf2.o)
 .vfp11_veneer  0x0000109c        0x0 c:/arm7/yagarto/bin/../lib/gcc/arm-elf/4.3.2\libgcc.a(_fixunssfsi.o)
                0x0000109c                . = ALIGN (0x4)

.rodata
 *(.rodata)
                0x0000109c                . = ALIGN (0x4)
                0x0000109c                _etext = .
                0x0000109c                PROVIDE (etext, .)

.data           0x00200000       0x14 load address 0x0000109c
                0x00200000                _data = .
 *(.data)
 .data          0x00200000        0x0 include/Cstartup.o
 .data          0x00200000        0x0 include/Cstartup_SAM7.o
 .data          0x00200000       0x14 main.o
                0x00200000                all_leds
 .data          0x00200014        0x0 pwm.o
 .data          0x00200014        0x0 interrupt.o
 .data          0x00200014        0x0 c:/arm7/yagarto/bin/../lib/gcc/arm-elf/4.3.2\libgcc.a(_muldivsf3.o)
 .data          0x00200014        0x0 c:/arm7/yagarto/bin/../lib/gcc/arm-elf/4.3.2\libgcc.a(_cmpsf2.o)
 .data          0x00200014        0x0 c:/arm7/yagarto/bin/../lib/gcc/arm-elf/4.3.2\libgcc.a(_fixunssfsi.o)
                0x00200014                . = ALIGN (0x4)
                0x00200014                _edata = .
                0x00200014                PROVIDE (edata, .)

.bss            0x00200014        0x4 load address 0x000010b0
                0x00200014                __bss_start = .
                0x00200014                __bss_start__ = .
 *(.bss)
 .bss           0x00200014        0x0 include/Cstartup.o
 .bss           0x00200014        0x0 include/Cstartup_SAM7.o
 .bss           0x00200014        0x4 main.o
 .bss           0x00200018        0x0 pwm.o
 .bss           0x00200018        0x0 interrupt.o
 .bss           0x00200018        0x0 c:/arm7/yagarto/bin/../lib/gcc/arm-elf/4.3.2\libgcc.a(_muldivsf3.o)
 .bss           0x00200018        0x0 c:/arm7/yagarto/bin/../lib/gcc/arm-elf/4.3.2\libgcc.a(_cmpsf2.o)
 .bss           0x00200018        0x0 c:/arm7/yagarto/bin/../lib/gcc/arm-elf/4.3.2\libgcc.a(_fixunssfsi.o)
 *(COMMON)
                0x00200018                . = ALIGN (0x4)
                0x00200018                __bss_end__ = .
                0x00200018                __bss_end__ = .
                0x00200018                _end = .
                0x00200018                PROVIDE (end, .)

.int_data       0x00204000        0x0
 *(.internal_ram_top)
 .internal_ram_top
                0x00204000        0x0 include/Cstartup.o

.stab
 *(.stab)

.stabstr
 *(.stabstr)

.stab.excl
 *(.stab.excl)

.stab.exclstr
 *(.stab.exclstr)

.stab.index
 *(.stab.index)

.stab.indexstr
 *(.stab.indexstr)

.comment        0x00000000       0x48
 *(.comment)
 .comment       0x00000000       0x12 include/Cstartup_SAM7.o
 .comment       0x00000012       0x12 main.o
 .comment       0x00000024       0x12 pwm.o
 .comment       0x00000036       0x12 interrupt.o

.debug
 *(.debug)

.line
 *(.line)

.debug_srcinfo
 *(.debug_srcinfo)

.debug_sfnames
 *(.debug_sfnames)

.debug_aranges  0x00000000      0x100
 *(.debug_aranges)
 .debug_aranges
                0x00000000       0x20 include/Cstartup.o
 .debug_aranges
                0x00000020       0x20 include/Cstartup_SAM7.o
 .debug_aranges
                0x00000040       0x20 main.o
 .debug_aranges
                0x00000060       0x20 pwm.o
 .debug_aranges
                0x00000080       0x20 interrupt.o
 .debug_aranges
                0x000000a0       0x20 c:/arm7/yagarto/bin/../lib/gcc/arm-elf/4.3.2\libgcc.a(_muldivsf3.o)
 .debug_aranges
                0x000000c0       0x20 c:/arm7/yagarto/bin/../lib/gcc/arm-elf/4.3.2\libgcc.a(_cmpsf2.o)
 .debug_aranges
                0x000000e0       0x20 c:/arm7/yagarto/bin/../lib/gcc/arm-elf/4.3.2\libgcc.a(_fixunssfsi.o)

.debug_pubnames
                0x00000000      0x105
 *(.debug_pubnames)
 .debug_pubnames
                0x00000000       0x29 include/Cstartup_SAM7.o
 .debug_pubnames
                0x00000029       0x77 main.o
 .debug_pubnames
                0x000000a0       0x30 pwm.o
 .debug_pubnames
                0x000000d0       0x35 interrupt.o

.debug_info     0x00000000     0x18d7
 *(.debug_info .gnu.linkonce.wi.*)
 .debug_info    0x00000000       0x62 include/Cstartup.o
 .debug_info    0x00000062      0x41e include/Cstartup_SAM7.o
 .debug_info    0x00000480      0x51f main.o
 .debug_info    0x0000099f      0x66f pwm.o
 .debug_info    0x0000100e      0x716 interrupt.o
 .debug_info    0x00001724       0x91 c:/arm7/yagarto/bin/../lib/gcc/arm-elf/4.3.2\libgcc.a(_muldivsf3.o)
 .debug_info    0x000017b5       0x91 c:/arm7/yagarto/bin/../lib/gcc/arm-elf/4.3.2\libgcc.a(_cmpsf2.o)
 .debug_info    0x00001846       0x91 c:/arm7/yagarto/bin/../lib/gcc/arm-elf/4.3.2\libgcc.a(_fixunssfsi.o)

.debug_abbrev   0x00000000      0x3e0
 *(.debug_abbrev)
 .debug_abbrev  0x00000000       0x14 include/Cstartup.o
 .debug_abbrev  0x00000014       0xae include/Cstartup_SAM7.o
 .debug_abbrev  0x000000c2      0x132 main.o
 .debug_abbrev  0x000001f4       0xe1 pwm.o
 .debug_abbrev  0x000002d5       0xcf interrupt.o
 .debug_abbrev  0x000003a4       0x14 c:/arm7/yagarto/bin/../lib/gcc/arm-elf/4.3.2\libgcc.a(_muldivsf3.o)
 .debug_abbrev  0x000003b8       0x14 c:/arm7/yagarto/bin/../lib/gcc/arm-elf/4.3.2\libgcc.a(_cmpsf2.o)
 .debug_abbrev  0x000003cc       0x14 c:/arm7/yagarto/bin/../lib/gcc/arm-elf/4.3.2\libgcc.a(_fixunssfsi.o)

.debug_line     0x00000000      0x516
 *(.debug_line)
 .debug_line    0x00000000       0x92 include/Cstartup.o
 .debug_line    0x00000092       0x68 include/Cstartup_SAM7.o
 .debug_line    0x000000fa       0x80 main.o
 .debug_line    0x0000017a       0x90 pwm.o
 .debug_line    0x0000020a       0x75 interrupt.o
 .debug_line    0x0000027f      0x12a c:/arm7/yagarto/bin/../lib/gcc/arm-elf/4.3.2\libgcc.a(_muldivsf3.o)
 .debug_line    0x000003a9       0xf0 c:/arm7/yagarto/bin/../lib/gcc/arm-elf/4.3.2\libgcc.a(_cmpsf2.o)
 .debug_line    0x00000499       0x7d c:/arm7/yagarto/bin/../lib/gcc/arm-elf/4.3.2\libgcc.a(_fixunssfsi.o)

.debug_frame    0x00000000      0x1c0
 *(.debug_frame)
 .debug_frame   0x00000000       0x30 include/Cstartup_SAM7.o
 .debug_frame   0x00000030       0xf0 main.o
 .debug_frame   0x00000120       0x50 pwm.o
 .debug_frame   0x00000170       0x50 interrupt.o

.debug_str      0x00000000      0x590
 *(.debug_str)
 .debug_str     0x00000000      0x22f include/Cstartup_SAM7.o
 .debug_str     0x0000022f      0x1fc main.o
                                0x281 (size before relaxing)
 .debug_str     0x0000042b      0x109 pwm.o
                                0x33c (size before relaxing)
 .debug_str     0x00000534       0x5c interrupt.o
                                0x371 (size before relaxing)

.debug_loc      0x00000000      0x1f8
 *(.debug_loc)
 .debug_loc     0x00000000       0x2a include/Cstartup_SAM7.o
 .debug_loc     0x0000002a      0x126 main.o
 .debug_loc     0x00000150       0x54 pwm.o
 .debug_loc     0x000001a4       0x54 interrupt.o

.debug_macinfo
 *(.debug_macinfo)

.debug_weaknames
 *(.debug_weaknames)

.debug_funcnames
 *(.debug_funcnames)

.debug_typenames
 *(.debug_typenames)

.debug_varnames
 *(.debug_varnames)
OUTPUT(main.elf elf32-littlearm)

.reset          0x00000000        0x0
 .reset         0x00000000        0x0 include/Cstartup.o

.ARM.attributes
                0x00000000       0x10
 .ARM.attributes
                0x00000000       0x10 include/Cstartup.o
 .ARM.attributes
                0x00000010       0x10 include/Cstartup_SAM7.o
 .ARM.attributes
                0x00000020       0x10 main.o
 .ARM.attributes
                0x00000030       0x10 pwm.o
 .ARM.attributes
                0x00000040       0x10 interrupt.o
 .ARM.attributes
                0x00000050       0x10 c:/arm7/yagarto/bin/../lib/gcc/arm-elf/4.3.2\libgcc.a(_muldivsf3.o)
 .ARM.attributes
                0x00000060       0x10 c:/arm7/yagarto/bin/../lib/gcc/arm-elf/4.3.2\libgcc.a(_cmpsf2.o)
 .ARM.attributes
                0x00000070       0x10 c:/arm7/yagarto/bin/../lib/gcc/arm-elf/4.3.2\libgcc.a(_fixunssfsi.o)

Cross Reference Table

Symbol                                            File
AT91F_Default_FIQ_handler                         include/Cstartup.o
                                                  include/Cstartup_SAM7.o
AT91F_Default_IRQ_handler                         include/Cstartup.o
                                                  include/Cstartup_SAM7.o
AT91F_LowLevelInit                                include/Cstartup_SAM7.o
                                                  include/Cstartup.o
AT91F_Spurious_handler                            include/Cstartup.o
                                                  include/Cstartup_SAM7.o
IRQ_Handler_Entry                                 include/Cstartup.o
Top_Stack                                         include/Cstartup.o
__aeabi_cfcmpeq                                   c:/arm7/yagarto/bin/../lib/gcc/arm-elf/4.3.2\libgcc.a(_cmpsf2.o)
__aeabi_cfcmple                                   c:/arm7/yagarto/bin/../lib/gcc/arm-elf/4.3.2\libgcc.a(_cmpsf2.o)
__aeabi_cfrcmple                                  c:/arm7/yagarto/bin/../lib/gcc/arm-elf/4.3.2\libgcc.a(_cmpsf2.o)
__aeabi_f2uiz                                     c:/arm7/yagarto/bin/../lib/gcc/arm-elf/4.3.2\libgcc.a(_fixunssfsi.o)
__aeabi_fcmpeq                                    c:/arm7/yagarto/bin/../lib/gcc/arm-elf/4.3.2\libgcc.a(_cmpsf2.o)
__aeabi_fcmpge                                    c:/arm7/yagarto/bin/../lib/gcc/arm-elf/4.3.2\libgcc.a(_cmpsf2.o)
__aeabi_fcmpgt                                    c:/arm7/yagarto/bin/../lib/gcc/arm-elf/4.3.2\libgcc.a(_cmpsf2.o)
__aeabi_fcmple                                    c:/arm7/yagarto/bin/../lib/gcc/arm-elf/4.3.2\libgcc.a(_cmpsf2.o)
__aeabi_fcmplt                                    c:/arm7/yagarto/bin/../lib/gcc/arm-elf/4.3.2\libgcc.a(_cmpsf2.o)
__aeabi_fdiv                                      c:/arm7/yagarto/bin/../lib/gcc/arm-elf/4.3.2\libgcc.a(_muldivsf3.o)
__aeabi_fmul                                      c:/arm7/yagarto/bin/../lib/gcc/arm-elf/4.3.2\libgcc.a(_muldivsf3.o)
__bss_end__                                       include/Cstartup.o
__bss_start__                                     include/Cstartup.o
__cmpsf2                                          c:/arm7/yagarto/bin/../lib/gcc/arm-elf/4.3.2\libgcc.a(_cmpsf2.o)
__divsf3                                          c:/arm7/yagarto/bin/../lib/gcc/arm-elf/4.3.2\libgcc.a(_muldivsf3.o)
                                                  pwm.o
__eqsf2                                           c:/arm7/yagarto/bin/../lib/gcc/arm-elf/4.3.2\libgcc.a(_cmpsf2.o)
__fixunssfsi                                      c:/arm7/yagarto/bin/../lib/gcc/arm-elf/4.3.2\libgcc.a(_fixunssfsi.o)
                                                  pwm.o
__gesf2                                           c:/arm7/yagarto/bin/../lib/gcc/arm-elf/4.3.2\libgcc.a(_cmpsf2.o)
__gtsf2                                           c:/arm7/yagarto/bin/../lib/gcc/arm-elf/4.3.2\libgcc.a(_cmpsf2.o)
                                                  pwm.o
__lesf2                                           c:/arm7/yagarto/bin/../lib/gcc/arm-elf/4.3.2\libgcc.a(_cmpsf2.o)
__ltsf2                                           c:/arm7/yagarto/bin/../lib/gcc/arm-elf/4.3.2\libgcc.a(_cmpsf2.o)
__mulsf3                                          c:/arm7/yagarto/bin/../lib/gcc/arm-elf/4.3.2\libgcc.a(_muldivsf3.o)
__nesf2                                           c:/arm7/yagarto/bin/../lib/gcc/arm-elf/4.3.2\libgcc.a(_cmpsf2.o)
_data                                             include/Cstartup.o
_edata                                            include/Cstartup.o
_etext                                            include/Cstartup.o
_startup                                          include/Cstartup.o
all_leds                                          main.o
enable_led                                        main.o
exit                                              include/Cstartup.o
get_bitfield_for_leds                             main.o
led_off                                           main.o
led_on                                            main.o
main                                              main.o
                                                  include/Cstartup.o
pioa_ir_init                                      interrupt.o
pwm_init                                          pwm.o
                                                  main.o
pwm_set_duty                                      pwm.o
                                                  main.o
timer0_isr                                        main.o
timer_ir_init                                     interrupt.o
