Archive member included because of file (symbol)

c:/arm7/yagarto/bin/../lib/gcc/arm-elf/4.3.2/../../../../arm-elf/lib\libc.a(lib_a-memcpy.o)
                              display.o (memcpy)

Memory Configuration

Name             Origin             Length             Attributes
CODE             0x00000000         0x00010000         xr
DATA             0x00200000         0x00004000         rw
STACK            0x00204000         0x00000000         rw
*default*        0x00000000         0xffffffff

Linker script and memory map

LOAD include/Cstartup.o
LOAD include/Cstartup_SAM7.o
LOAD main.o
LOAD display.o
LOAD c:/arm7/yagarto/bin/../lib/gcc/arm-elf/4.3.2/../../../../arm-elf/lib\libc.a
LOAD c:/arm7/yagarto/bin/../lib/gcc/arm-elf/4.3.2/../../../../arm-elf/lib\libm.a
LOAD c:/arm7/yagarto/bin/../lib/gcc/arm-elf/4.3.2/../../../../arm-elf/lib\libc.a
LOAD c:/arm7/yagarto/bin/../lib/gcc/arm-elf/4.3.2\libgcc.a
START GROUP
LOAD c:/arm7/yagarto/bin/../lib/gcc/arm-elf/4.3.2\libgcc.a
LOAD c:/arm7/yagarto/bin/../lib/gcc/arm-elf/4.3.2/../../../../arm-elf/lib\libg.a
LOAD c:/arm7/yagarto/bin/../lib/gcc/arm-elf/4.3.2/../../../../arm-elf/lib\libc.a
END GROUP
                0x00000000                . = 0x0

.text           0x00000000      0xf70
 *Cstartup.o(.text)
 .text          0x00000000      0x13c include/Cstartup.o
                0x000000bc                IRQ_Handler_Entry
                0x0000010c                AT91F_Default_FIQ_handler
                0x00000000                _startup
                0x00000110                AT91F_Default_IRQ_handler
                0x00000114                AT91F_Spurious_handler
                0x000000b8                exit
 *(.text)
 .text          0x0000013c      0x140 include/Cstartup_SAM7.o
                0x0000013c                AT91F_LowLevelInit
 .text          0x0000027c      0x1b8 main.o
                0x00000368                get_button_state
                0x000003ec                main
                0x0000027c                delay_ms
                0x0000032c                is_button_pressed
                0x000002f0                delay_s
 .text          0x00000434      0xa40 display.o
                0x00000434                delay1us
                0x00000450                lcd_write
                0x000007e4                display_printf
                0x00000748                display_set_cursor
                0x00000700                display_putstr
                0x00000608                display_init
                0x0000079c                display_clear
                0x000006d4                display_putchar
 .text          0x00000e74       0xfc c:/arm7/yagarto/bin/../lib/gcc/arm-elf/4.3.2/../../../../arm-elf/lib\libc.a(lib_a-memcpy.o)
                0x00000e74                memcpy
 *(.glue_7t)
 .glue_7t       0x00000f70        0x0 include/Cstartup.o
 .glue_7t       0x00000f70        0x0 include/Cstartup_SAM7.o
 .glue_7t       0x00000f70        0x0 main.o
 .glue_7t       0x00000f70        0x0 display.o
 .glue_7t       0x00000f70        0x0 c:/arm7/yagarto/bin/../lib/gcc/arm-elf/4.3.2/../../../../arm-elf/lib\libc.a(lib_a-memcpy.o)
 *(.glue_7)
 .glue_7        0x00000f70        0x0 include/Cstartup.o
 .glue_7        0x00000f70        0x0 include/Cstartup_SAM7.o
 .glue_7        0x00000f70        0x0 main.o
 .glue_7        0x00000f70        0x0 display.o
 .glue_7        0x00000f70        0x0 c:/arm7/yagarto/bin/../lib/gcc/arm-elf/4.3.2/../../../../arm-elf/lib\libc.a(lib_a-memcpy.o)

.vfp11_veneer   0x00000f70        0x0
 .vfp11_veneer  0x00000f70        0x0 include/Cstartup.o
 .vfp11_veneer  0x00000f70        0x0 include/Cstartup_SAM7.o
 .vfp11_veneer  0x00000f70        0x0 main.o
 .vfp11_veneer  0x00000f70        0x0 display.o
 .vfp11_veneer  0x00000f70        0x0 c:/arm7/yagarto/bin/../lib/gcc/arm-elf/4.3.2/../../../../arm-elf/lib\libc.a(lib_a-memcpy.o)
                0x00000f70                . = ALIGN (0x4)

.rodata         0x00000f70       0x2c
 *(.rodata)
 .rodata        0x00000f70        0x4 main.o
 .rodata        0x00000f74       0x28 display.o
                0x00000f9c                . = ALIGN (0x4)
                0x00000f9c                _etext = .
                0x00000f9c                PROVIDE (etext, .)

.data           0x00200000        0x0 load address 0x00000f9c
                0x00200000                _data = .
 *(.data)
 .data          0x00200000        0x0 include/Cstartup.o
 .data          0x00200000        0x0 include/Cstartup_SAM7.o
 .data          0x00200000        0x0 main.o
 .data          0x00200000        0x0 display.o
 .data          0x00200000        0x0 c:/arm7/yagarto/bin/../lib/gcc/arm-elf/4.3.2/../../../../arm-elf/lib\libc.a(lib_a-memcpy.o)
                0x00200000                . = ALIGN (0x4)
                0x00200000                _edata = .
                0x00200000                PROVIDE (edata, .)

.bss            0x00200000        0x0 load address 0x00000f9c
                0x00200000                __bss_start = .
                0x00200000                __bss_start__ = .
 *(.bss)
 .bss           0x00200000        0x0 include/Cstartup.o
 .bss           0x00200000        0x0 include/Cstartup_SAM7.o
 .bss           0x00200000        0x0 main.o
 .bss           0x00200000        0x0 display.o
 .bss           0x00200000        0x0 c:/arm7/yagarto/bin/../lib/gcc/arm-elf/4.3.2/../../../../arm-elf/lib\libc.a(lib_a-memcpy.o)
 *(COMMON)
                0x00200000                . = ALIGN (0x4)
                0x00200000                __bss_end__ = .
                0x00200000                __bss_end__ = .
                0x00200000                _end = .
                0x00200000                PROVIDE (end, .)

.int_data       0x00204000        0x0
 *(.internal_ram_top)
 .internal_ram_top
                0x00204000        0x0 include/Cstartup.o

.stab
 *(.stab)

.stabstr
 *(.stabstr)

.stab.excl
 *(.stab.excl)

.stab.exclstr
 *(.stab.exclstr)

.stab.index
 *(.stab.index)

.stab.indexstr
 *(.stab.indexstr)

.comment        0x00000000       0x48
 *(.comment)
 .comment       0x00000000       0x12 include/Cstartup_SAM7.o
 .comment       0x00000012       0x12 main.o
 .comment       0x00000024       0x12 display.o
 .comment       0x00000036       0x12 c:/arm7/yagarto/bin/../lib/gcc/arm-elf/4.3.2/../../../../arm-elf/lib\libc.a(lib_a-memcpy.o)

.debug
 *(.debug)

.line
 *(.line)

.debug_srcinfo
 *(.debug_srcinfo)

.debug_sfnames
 *(.debug_sfnames)

.debug_aranges  0x00000000       0xa0
 *(.debug_aranges)
 .debug_aranges
                0x00000000       0x20 include/Cstartup.o
 .debug_aranges
                0x00000020       0x20 include/Cstartup_SAM7.o
 .debug_aranges
                0x00000040       0x20 main.o
 .debug_aranges
                0x00000060       0x20 display.o
 .debug_aranges
                0x00000080       0x20 c:/arm7/yagarto/bin/../lib/gcc/arm-elf/4.3.2/../../../../arm-elf/lib\libc.a(lib_a-memcpy.o)

.debug_pubnames
                0x00000000      0x146
 *(.debug_pubnames)
 .debug_pubnames
                0x00000000       0x29 include/Cstartup_SAM7.o
 .debug_pubnames
                0x00000029       0x5f main.o
 .debug_pubnames
                0x00000088       0xa1 display.o
 .debug_pubnames
                0x00000129       0x1d c:/arm7/yagarto/bin/../lib/gcc/arm-elf/4.3.2/../../../../arm-elf/lib\libc.a(lib_a-memcpy.o)

.debug_info     0x00000000      0xf08
 *(.debug_info .gnu.linkonce.wi.*)
 .debug_info    0x00000000       0x61 include/Cstartup.o
 .debug_info    0x00000061      0x41e include/Cstartup_SAM7.o
 .debug_info    0x0000047f      0x4e3 main.o
 .debug_info    0x00000962      0x498 display.o
 .debug_info    0x00000dfa      0x10e c:/arm7/yagarto/bin/../lib/gcc/arm-elf/4.3.2/../../../../arm-elf/lib\libc.a(lib_a-memcpy.o)

.debug_abbrev   0x00000000      0x372
 *(.debug_abbrev)
 .debug_abbrev  0x00000000       0x14 include/Cstartup.o
 .debug_abbrev  0x00000014       0xae include/Cstartup_SAM7.o
 .debug_abbrev  0x000000c2       0xf5 main.o
 .debug_abbrev  0x000001b7      0x122 display.o
 .debug_abbrev  0x000002d9       0x99 c:/arm7/yagarto/bin/../lib/gcc/arm-elf/4.3.2/../../../../arm-elf/lib\libc.a(lib_a-memcpy.o)

.debug_line     0x00000000      0x341
 *(.debug_line)
 .debug_line    0x00000000       0x92 include/Cstartup.o
 .debug_line    0x00000092       0x68 include/Cstartup_SAM7.o
 .debug_line    0x000000fa       0x6b main.o
 .debug_line    0x00000165       0xe4 display.o
 .debug_line    0x00000249       0xf8 c:/arm7/yagarto/bin/../lib/gcc/arm-elf/4.3.2/../../../../arm-elf/lib\libc.a(lib_a-memcpy.o)

.debug_frame    0x00000000      0x214
 *(.debug_frame)
 .debug_frame   0x00000000       0x30 include/Cstartup_SAM7.o
 .debug_frame   0x00000030       0xb0 main.o
 .debug_frame   0x000000e0      0x108 display.o
 .debug_frame   0x000001e8       0x2c c:/arm7/yagarto/bin/../lib/gcc/arm-elf/4.3.2/../../../../arm-elf/lib\libc.a(lib_a-memcpy.o)

.debug_str      0x00000000      0x51d
 *(.debug_str)
 .debug_str     0x00000000      0x221 include/Cstartup_SAM7.o
                                0x22e (size before relaxing)
 .debug_str     0x00000221      0x17c main.o
                                0x283 (size before relaxing)
 .debug_str     0x0000039d       0xb6 display.o
                                0x262 (size before relaxing)
 .debug_str     0x00000453       0xca c:/arm7/yagarto/bin/../lib/gcc/arm-elf/4.3.2/../../../../arm-elf/lib\libc.a(lib_a-memcpy.o)
                                 0xdb (size before relaxing)

.debug_loc      0x00000000      0x352
 *(.debug_loc)
 .debug_loc     0x00000000       0x2a include/Cstartup_SAM7.o
 .debug_loc     0x0000002a       0xd2 main.o
 .debug_loc     0x000000fc      0x126 display.o
 .debug_loc     0x00000222      0x130 c:/arm7/yagarto/bin/../lib/gcc/arm-elf/4.3.2/../../../../arm-elf/lib\libc.a(lib_a-memcpy.o)

.debug_macinfo
 *(.debug_macinfo)

.debug_weaknames
 *(.debug_weaknames)

.debug_funcnames
 *(.debug_funcnames)

.debug_typenames
 *(.debug_typenames)

.debug_varnames
 *(.debug_varnames)
OUTPUT(main.elf elf32-littlearm)

.reset          0x00000000        0x0
 .reset         0x00000000        0x0 include/Cstartup.o

.ARM.attributes
                0x00000000       0x10
 .ARM.attributes
                0x00000000       0x10 include/Cstartup.o
 .ARM.attributes
                0x00000010       0x10 include/Cstartup_SAM7.o
 .ARM.attributes
                0x00000020       0x10 main.o
 .ARM.attributes
                0x00000030       0x10 display.o
 .ARM.attributes
                0x00000040       0x10 c:/arm7/yagarto/bin/../lib/gcc/arm-elf/4.3.2/../../../../arm-elf/lib\libc.a(lib_a-memcpy.o)

Cross Reference Table

Symbol                                            File
AT91F_Default_FIQ_handler                         include/Cstartup.o
                                                  include/Cstartup_SAM7.o
AT91F_Default_IRQ_handler                         include/Cstartup.o
                                                  include/Cstartup_SAM7.o
AT91F_LowLevelInit                                include/Cstartup_SAM7.o
                                                  include/Cstartup.o
AT91F_Spurious_handler                            include/Cstartup.o
                                                  include/Cstartup_SAM7.o
IRQ_Handler_Entry                                 include/Cstartup.o
Top_Stack                                         include/Cstartup.o
__bss_end__                                       include/Cstartup.o
__bss_start__                                     include/Cstartup.o
_data                                             include/Cstartup.o
_edata                                            include/Cstartup.o
_etext                                            include/Cstartup.o
_startup                                          include/Cstartup.o
delay1us                                          display.o
delay_ms                                          main.o
delay_s                                           main.o
display_clear                                     display.o
                                                  main.o
display_init                                      display.o
                                                  main.o
display_printf                                    display.o
                                                  main.o
display_putchar                                   display.o
display_putstr                                    display.o
display_set_cursor                                display.o
exit                                              include/Cstartup.o
get_button_state                                  main.o
is_button_pressed                                 main.o
lcd_write                                         display.o
main                                              main.o
                                                  include/Cstartup.o
memcpy                                            c:/arm7/yagarto/bin/../lib/gcc/arm-elf/4.3.2/../../../../arm-elf/lib\libc.a(lib_a-memcpy.o)
                                                  display.o
